<html>
<body>
<pre>
<h1>礦ision Build Log</h1>
<h2>Tool Versions:</h2>
IDE-Version: μVision V5.14.0.0
Copyright (C) 2015 ARM Ltd and ARM Germany GmbH. All rights reserved.
License Information: yu hu, Microsoft, LIC=TA330-BL1JU-BW52G-VQ2PH-WVZYP-XQ1ZL
 
Tool Versions:
Toolchain:       MDK-ARM Professional  Version: 5.14.0.0
Toolchain Path:  C:\Keil_v5\ARM\ARMCC\Bin
C Compiler:      Armcc.exe V5.05 update 1 (build 106)
Assembler:       Armasm.exe V5.05 update 1 (build 106)
Linker/Locator:  ArmLink.exe V5.05 update 1 (build 106)
Library Manager: ArmAr.exe V5.05 update 1 (build 106)
Hex Converter:   FromElf.exe V5.05 update 1 (build 106)
CPU DLL:         SARMCM3.DLL V5.14.0.0
Dialog DLL:      DARMSTM.DLL V1.65.0.0
Target DLL:      Segger\JL2CM3.dll V2.99.13.0
Dialog DLL:      TARMSTM.DLL V1.64.0.0
 
<h2>Project:</h2>
I:\工作文件夹\正在做的工作\485\485板子代码\485代码_doing\USER\ENC28J60.uvprojx
Project File Date:  11/14/2019

<h2>Output:</h2>
Build target 'Target 1'
compiling main.c...
main.c(59): warning:  #177-D: variable "connected_ok" was declared but never referenced
   {     u8 connected_ok=0;     
main.c(60): warning:  #177-D: variable "p" was declared but never referenced
         int p=0,k=1;
main.c(60): warning:  #177-D: variable "k" was declared but never referenced
         int p=0,k=1;
main.c(62): warning:  #177-D: variable "ipaddr" was declared but never referenced
         uip_ipaddr_t ipaddr;
main.c: 4 warnings, 0 errors
linking...
Program Size: Code=21368 RO-data=868 RW-data=200 ZI-data=8128  
FromELF: creating hex file...
"..\OBJ\ENC28J60.axf" - 0 Error(s), 4 Warning(s).

<h2>Collection of Component include folders:</h2>
  I:\工作文件夹\正在做的工作\485\485板子代码\485代码_doing\USER\RTE
  C:\Keil_v5\ARM\PACK\Keil\STM32F1xx_DFP\1.0.5\Device\Include

<h2>Collection of Component Files used:</h2>
</pre>
</body>
</html>
