Component: ARM Compiler 5.05 update 1 (build 106) Tool: armlink [4d0efa]

==============================================================================

Section Cross References

    main.o(.text) refers to _printf_percent.o(.ARM.Collect$$_printf_percent$$00000000) for _printf_percent
    main.o(.text) refers to _printf_d.o(.ARM.Collect$$_printf_percent$$00000009) for _printf_d
    main.o(.text) refers to _printf_dec.o(.text) for _printf_int_dec
    main.o(.text) refers to wdg.o(.text) for IWDG_Feed
    main.o(.text) refers to timer.o(.text) for timer_set
    main.o(.text) refers to tapdev.o(.text) for tapdev_read
    main.o(.text) refers to uip.o(.text) for htons
    main.o(.text) refers to uip_arp.o(.text) for uip_arp_out
    main.o(.text) refers to noretval__2printf.o(.text) for __2printf
    main.o(.text) refers to delay.o(.text) for delay_ms
    main.o(.text) refers to tcp_client_demo.o(.text) for tcp_client_reconnect
    main.o(.text) refers to sys.o(.text) for NVIC_Configuration
    main.o(.text) refers to usart.o(.text) for uart1_init
    main.o(.text) refers to led.o(.text) for LED_Init
    main.o(.text) refers to timerx.o(.text) for Timer3_Init
    main.o(.text) refers to master.o(.text) for set_dout_value
    main.o(.text) refers to main.o(.data) for timer_ok
    main.o(.text) refers to uip.o(.data) for uip_len
    main.o(.text) refers to uip.o(.bss) for uip_buf
    main.o(.text) refers to tcp_client_demo.o(.data) for connected
    main.o(.text) refers to tcp_client_demo.o(.bss) for tcp_client_databuf
    main.o(.text) refers to main.o(.bss) for debug_buf
    system_stm32f10x.o(.text) refers to system_stm32f10x.o(.data) for SystemCoreClock
    led.o(.text) refers to stm32f10x_rcc.o(.text) for RCC_APB2PeriphClockCmd
    led.o(.text) refers to stm32f10x_gpio.o(.text) for GPIO_Init
    led.o(.text) refers to delay.o(.text) for delay_ms
    tsensor.o(.text) refers to stm32f10x_rcc.o(.text) for RCC_APB2PeriphClockCmd
    tsensor.o(.text) refers to stm32f10x_adc.o(.text) for ADC_DeInit
    tsensor.o(.text) refers to delay.o(.text) for delay_ms
    timerx.o(.text) refers to stm32f10x_tim.o(.text) for TIM_GetITStatus
    timerx.o(.text) refers to stm32f10x_rcc.o(.text) for RCC_APB1PeriphClockCmd
    timerx.o(.text) refers to misc.o(.text) for NVIC_Init
    timerx.o(.text) refers to noretval__2printf.o(.text) for __2printf
    timerx.o(.text) refers to timerx.o(.data) for uip_timer
    timerx.o(.text) refers to main.o(.data) for recend_flag
    timerx.o(.text) refers to usart.o(.bss) for receBuf
    timerx.o(.text) refers to tcp_client_demo.o(.bss) for tcp_client_databuf
    timerx.o(.text) refers to usart.o(.data) for receCount
    spi.o(.text) refers to stm32f10x_spi.o(.text) for SPI_I2S_GetFlagStatus
    spi.o(.text) refers to stm32f10x_rcc.o(.text) for RCC_APB2PeriphClockCmd
    spi.o(.text) refers to stm32f10x_gpio.o(.text) for GPIO_Init
    enc28j60.o(.text) refers to stm32f10x_rcc.o(.text) for RCC_APB2PeriphClockCmd
    enc28j60.o(.text) refers to stm32f10x_gpio.o(.text) for GPIO_Init
    enc28j60.o(.text) refers to stm32f10x_spi.o(.text) for SPI_Init
    enc28j60.o(.text) refers to spi.o(.text) for SPI2_ReadWriteByte
    enc28j60.o(.text) refers to delay.o(.text) for delay_ms
    enc28j60.o(.text) refers to timerx.o(.text) for TIM2_Int_Init
    enc28j60.o(.text) refers to enc28j60.o(.data) for ENC28J60BANK
    wdg.o(.text) refers to stm32f10x_iwdg.o(.text) for IWDG_WriteAccessCmd
    master.o(.text) refers to usart.o(.text) for beginSend
    master.o(.text) refers to master.o(.constdata) for auchCRCHi
    master.o(.text) refers to usart.o(.data) for sendCount
    master.o(.text) refers to usart.o(.bss) for sendBuf
    master.o(.text) refers to main.o(.data) for modbus_com2_over
    master.o(.text) refers to main.o(.bss) for value
    master.o(.text) refers to tcp_client_demo.o(.bss) for tcp_client_databuf
    master.o(.text) refers to tcp_client_demo.o(.data) for ready
    delay.o(.text) refers to misc.o(.text) for SysTick_CLKSourceConfig
    delay.o(.text) refers to system_stm32f10x.o(.data) for SystemCoreClock
    delay.o(.text) refers to delay.o(.data) for fac_us
    sys.o(.text) refers to misc.o(.text) for NVIC_PriorityGroupConfig
    usart.o(.text) refers (Special) to use_no_semi_2.o(.text) for __use_no_semihosting
    usart.o(.text) refers to stm32f10x_usart.o(.text) for USART_GetFlagStatus
    usart.o(.text) refers to stm32f10x_rcc.o(.text) for RCC_APB2PeriphClockCmd
    usart.o(.text) refers to stm32f10x_gpio.o(.text) for GPIO_Init
    usart.o(.text) refers to misc.o(.text) for NVIC_Init
    usart.o(.text) refers to timerx.o(.text) for Timer3_enable
    usart.o(.text) refers to usart.o(.data) for USART_RX_STA
    usart.o(.text) refers to usart.o(.bss) for USART_RX_BUF
    usart.o(.bss) refers (Special) to use_no_semi_2.o(.text) for __use_no_semihosting
    usart.o(.data) refers (Special) to use_no_semi_2.o(.text) for __use_no_semihosting
[...]
    ../clib/signal.c                         0x00000000   Number         0  defsig_stak_inner.o ABSOLUTE
    ../clib/signal.c                         0x00000000   Number         0  defsig_pvfn_inner.o ABSOLUTE
    ../clib/signal.c                         0x00000000   Number         0  defsig_cppl_inner.o ABSOLUTE
    ../clib/signal.c                         0x00000000   Number         0  defsig_segv_inner.o ABSOLUTE
    ../clib/signal.c                         0x00000000   Number         0  defsig_other.o ABSOLUTE
    ../clib/signal.c                         0x00000000   Number         0  defsig_general.o ABSOLUTE
    ../clib/signal.s                         0x00000000   Number         0  defsig.o ABSOLUTE
    ../clib/stdio.c                          0x00000000   Number         0  ferror_locked.o ABSOLUTE
    ../clib/stdio.c                          0x00000000   Number         0  ferror.o ABSOLUTE
    ../clib/stdlib.c                         0x00000000   Number         0  exit.o ABSOLUTE
    ../fplib/fpinit.s                        0x00000000   Number         0  fpinit.o ABSOLUTE
    ..\CORE\core_cm3.c                       0x00000000   Number         0  core_cm3.o ABSOLUTE
    ..\CORE\startup_stm32f10x_hd.s           0x00000000   Number         0  startup_stm32f10x_hd.o ABSOLUTE
    ..\HARDWARE\ENC28J60\enc28j60.c          0x00000000   Number         0  enc28j60.o ABSOLUTE
    ..\HARDWARE\ITEMP\tsensor.c              0x00000000   Number         0  tsensor.o ABSOLUTE
    ..\HARDWARE\LED\led.c                    0x00000000   Number         0  led.o ABSOLUTE
    ..\HARDWARE\MASTER\master.c              0x00000000   Number         0  master.o ABSOLUTE
    ..\HARDWARE\SPI\spi.c                    0x00000000   Number         0  spi.o ABSOLUTE
    ..\HARDWARE\TIMER\timerx.c               0x00000000   Number         0  timerx.o ABSOLUTE
    ..\HARDWARE\WDG\wdg.c                    0x00000000   Number         0  wdg.o ABSOLUTE
    ..\STM32F10x_FWLib\src\misc.c            0x00000000   Number         0  misc.o ABSOLUTE
    ..\STM32F10x_FWLib\src\stm32f10x_adc.c   0x00000000   Number         0  stm32f10x_adc.o ABSOLUTE
    ..\STM32F10x_FWLib\src\stm32f10x_bkp.c   0x00000000   Number         0  stm32f10x_bkp.o ABSOLUTE
    ..\STM32F10x_FWLib\src\stm32f10x_dbgmcu.c 0x00000000   Number         0  stm32f10x_dbgmcu.o ABSOLUTE
    ..\STM32F10x_FWLib\src\stm32f10x_fsmc.c  0x00000000   Number         0  stm32f10x_fsmc.o ABSOLUTE
    ..\STM32F10x_FWLib\src\stm32f10x_gpio.c  0x00000000   Number         0  stm32f10x_gpio.o ABSOLUTE
    ..\STM32F10x_FWLib\src\stm32f10x_iwdg.c  0x00000000   Number         0  stm32f10x_iwdg.o ABSOLUTE
    ..\STM32F10x_FWLib\src\stm32f10x_pwr.c   0x00000000   Number         0  stm32f10x_pwr.o ABSOLUTE
    ..\STM32F10x_FWLib\src\stm32f10x_rcc.c   0x00000000   Number         0  stm32f10x_rcc.o ABSOLUTE
    ..\STM32F10x_FWLib\src\stm32f10x_rtc.c   0x00000000   Number         0  stm32f10x_rtc.o ABSOLUTE
    ..\STM32F10x_FWLib\src\stm32f10x_spi.c   0x00000000   Number         0  stm32f10x_spi.o ABSOLUTE
    ..\STM32F10x_FWLib\src\stm32f10x_tim.c   0x00000000   Number         0  stm32f10x_tim.o ABSOLUTE
    ..\STM32F10x_FWLib\src\stm32f10x_usart.c 0x00000000   Number         0  stm32f10x_usart.o ABSOLUTE
    ..\SYSTEM\delay\delay.c                  0x00000000   Number         0  delay.o ABSOLUTE
    ..\SYSTEM\sys\sys.c                      0x00000000   Number         0  sys.o ABSOLUTE
    ..\SYSTEM\usart\usart.c                  0x00000000   Number         0  usart.o ABSOLUTE
    ..\\CORE\\core_cm3.c                     0x00000000   Number         0  core_cm3.o ABSOLUTE
    ..\uIP-1.0\uip\psock.c                   0x00000000   Number         0  psock.o ABSOLUTE
    ..\uIP-1.0\uip\timer.c                   0x00000000   Number         0  timer.o ABSOLUTE
    ..\uIP-1.0\uip\uip-fw.c                  0x00000000   Number         0  uip-fw.o ABSOLUTE
    ..\uIP-1.0\uip\uip-neighbor.c            0x00000000   Number         0  uip-neighbor.o ABSOLUTE
    ..\uIP-1.0\uip\uip-split.c               0x00000000   Number         0  uip-split.o ABSOLUTE
    ..\uIP-1.0\uip\uip.c                     0x00000000   Number         0  uip.o ABSOLUTE
    ..\uIP-1.0\uip\uip_arp.c                 0x00000000   Number         0  uip_arp.o ABSOLUTE
    ..\uIP-1.0\uip\uiplib.c                  0x00000000   Number         0  uiplib.o ABSOLUTE
    ..\uIP-APP\clock-arch.c                  0x00000000   Number         0  clock-arch.o ABSOLUTE
    ..\uIP-APP\tapdev.c                      0x00000000   Number         0  tapdev.o ABSOLUTE
    ..\uIP-APP\tcp_client_demo.c             0x00000000   Number         0  tcp_client_demo.o ABSOLUTE
    ..\uIP-APP\tcp_demo.c                    0x00000000   Number         0  tcp_demo.o ABSOLUTE
    dc.s                                     0x00000000   Number         0  dc.o ABSOLUTE
    main.c                                   0x00000000   Number         0  main.o ABSOLUTE
    stm32f10x_it.c                           0x00000000   Number         0  stm32f10x_it.o ABSOLUTE
    system_stm32f10x.c                       0x00000000   Number         0  system_stm32f10x.o ABSOLUTE
    RESET                                    0x08000000   Section      304  startup_stm32f10x_hd.o(RESET)
    !!!main                                  0x08000130   Section        8  __main.o(!!!main)
    !!!scatter                               0x08000138   Section       52  __scatter.o(!!!scatter)
    !!handler_copy                           0x0800016c   Section       26  __scatter_copy.o(!!handler_copy)
    !!handler_zi                             0x08000188   Section       28  __scatter_zi.o(!!handler_zi)
    .ARM.Collect$$_printf_percent$$00000000  0x080001a4   Section        0  _printf_percent.o(.ARM.Collect$$_printf_percent$$00000000)
    .ARM.Collect$$_printf_percent$$00000009  0x080001a4   Section        6  _printf_d.o(.ARM.Collect$$_printf_percent$$00000009)
    .ARM.Collect$$_printf_percent$$00000014  0x080001aa   Section        6  _printf_s.o(.ARM.Collect$$_printf_percent$$00000014)
    .ARM.Collect$$_printf_percent$$00000017  0x080001b0   Section        4  _printf_percent_end.o(.ARM.Collect$$_printf_percent$$00000017)
    .ARM.Collect$$libinit$$00000000          0x080001b4   Section        2  libinit.o(.ARM.Collect$$libinit$$00000000)
    .ARM.Collect$$libinit$$00000002          0x080001b6   Section        0  libinit2.o(.ARM.Collect$$libinit$$00000002)
    .ARM.Collect$$libinit$$00000004          0x080001b6   Section        0  libinit2.o(.ARM.Collect$$libinit$$00000004)
    .ARM.Collect$$libinit$$0000000A          0x080001b6   Section        0  libinit2.o(.ARM.Collect$$libinit$$0000000A)
    .ARM.Collect$$libinit$$0000000C          0x080001b6   Section        0  libinit2.o(.ARM.Collect$$libinit$$0000000C)
    .ARM.Collect$$libinit$$0000000E          0x080001b6   Section        0  libinit2.o(.ARM.Collect$$libinit$$0000000E)
    .ARM.Collect$$libinit$$00000011          0x080001b6   Section        0  libinit2.o(.ARM.Collect$$libinit$$00000011)
    .ARM.Collect$$libinit$$00000013          0x080001b6   Section        0  libinit2.o(.ARM.Collect$$libinit$$00000013)
    .ARM.Collect$$libinit$$00000015          0x080001b6   Section        0  libinit2.o(.ARM.Collect$$libinit$$00000015)
    .ARM.Collect$$libinit$$00000017          0x080001b6   Section        0  libinit2.o(.ARM.Collect$$libinit$$00000017)
    .ARM.Collect$$libinit$$00000019          0x080001b6   Section        0  libinit2.o(.ARM.Collect$$libinit$$00000019)
    .ARM.Collect$$libinit$$0000001B          0x080001b6   Section        0  libinit2.o(.ARM.Collect$$libinit$$0000001B)
    .ARM.Collect$$libinit$$0000001D          0x080001b6   Section        0  libinit2.o(.ARM.Collect$$libinit$$0000001D)
    .ARM.Collect$$libinit$$0000001F          0x080001b6   Section        0  libinit2.o(.ARM.Collect$$libinit$$0000001F)
    .ARM.Collect$$libinit$$00000021          0x080001b6   Section        0  libinit2.o(.ARM.Collect$$libinit$$00000021)
    .ARM.Collect$$libinit$$00000023          0x080001b6   Section        0  libinit2.o(.ARM.Collect$$libinit$$00000023)
    .ARM.Collect$$libinit$$00000025          0x080001b6   Section        0  libinit2.o(.ARM.Collect$$libinit$$00000025)
    .ARM.Collect$$libinit$$0000002C          0x080001b6   Section        0  libinit2.o(.ARM.Collect$$libinit$$0000002C)
    .ARM.Collect$$libinit$$0000002E          0x080001b6   Section        0  libinit2.o(.ARM.Collect$$libinit$$0000002E)
    .ARM.Collect$$libinit$$00000030          0x080001b6   Section        0  libinit2.o(.ARM.Collect$$libinit$$00000030)
    .ARM.Collect$$libinit$$00000032          0x080001b6   Section        0  libinit2.o(.ARM.Collect$$libinit$$00000032)
    .ARM.Collect$$libinit$$00000033          0x080001b6   Section        2  libinit2.o(.ARM.Collect$$libinit$$00000033)
    .ARM.Collect$$libshutdown$$00000000      0x080001b8   Section        2  libshutdown.o(.ARM.Collect$$libshutdown$$00000000)
    .ARM.Collect$$libshutdown$$00000003      0x080001ba   Section        0  libshutdown2.o(.ARM.Collect$$libshutdown$$00000003)
    .ARM.Collect$$libshutdown$$00000006      0x080001ba   Section        0  libshutdown2.o(.ARM.Collect$$libshutdown$$00000006)
    .ARM.Collect$$libshutdown$$00000009      0x080001ba   Section        0  libshutdown2.o(.ARM.Collect$$libshutdown$$00000009)
    .ARM.Collect$$libshutdown$$0000000B      0x080001ba   Section        0  libshutdown2.o(.ARM.Collect$$libshutdown$$0000000B)
    .ARM.Collect$$libshutdown$$0000000E      0x080001ba   Section        0  libshutdown2.o(.ARM.Collect$$libshutdown$$0000000E)
    .ARM.Collect$$libshutdown$$0000000F      0x080001ba   Section        2  libshutdown2.o(.ARM.Collect$$libshutdown$$0000000F)
    .ARM.Collect$$rtentry$$00000000          0x080001bc   Section        0  __rtentry.o(.ARM.Collect$$rtentry$$00000000)
    .ARM.Collect$$rtentry$$00000002          0x080001bc   Section        0  __rtentry2.o(.ARM.Collect$$rtentry$$00000002)
    .ARM.Collect$$rtentry$$00000004          0x080001bc   Section        6  __rtentry4.o(.ARM.Collect$$rtentry$$00000004)
    .ARM.Collect$$rtentry$$00000009          0x080001c2   Section        0  __rtentry2.o(.ARM.Collect$$rtentry$$00000009)
    .ARM.Collect$$rtentry$$0000000A          0x080001c2   Section        4  __rtentry2.o(.ARM.Collect$$rtentry$$0000000A)
    .ARM.Collect$$rtentry$$0000000C          0x080001c6   Section        0  __rtentry2.o(.ARM.Collect$$rtentry$$0000000C)
    .ARM.Collect$$rtentry$$0000000D          0x080001c6   Section        8  __rtentry2.o(.ARM.Collect$$rtentry$$0000000D)
    .ARM.Collect$$rtexit$$00000000           0x080001ce   Section        2  rtexit.o(.ARM.Collect$$rtexit$$00000000)
    .ARM.Collect$$rtexit$$00000002           0x080001d0   Section        0  rtexit2.o(.ARM.Collect$$rtexit$$00000002)
    .ARM.Collect$$rtexit$$00000003           0x080001d0   Section        4  rtexit2.o(.ARM.Collect$$rtexit$$00000003)
    .ARM.Collect$$rtexit$$00000004           0x080001d4   Section        6  rtexit2.o(.ARM.Collect$$rtexit$$00000004)
    .text                                    0x080001dc   Section        0  main.o(.text)
    .text                                    0x08000670   Section        0  stm32f10x_it.o(.text)
    .text                                    0x0800068c   Section        0  system_stm32f10x.o(.text)
    SetSysClockTo72                          0x0800068d   Thumb Code   214  system_stm32f10x.o(.text)
    SetSysClock                              0x08000763   Thumb Code     8  system_stm32f10x.o(.text)
    .text                                    0x0800086c   Section        0  led.o(.text)
    .text                                    0x08000914   Section        0  timerx.o(.text)
    .text                                    0x08000b4c   Section        0  spi.o(.text)
    .text                                    0x08000c50   Section        0  enc28j60.o(.text)
    ENC28J60_SPI2_Init                       0x08000c51   Thumb Code   190  enc28j60.o(.text)
    .text                                    0x0800116c   Section        0  wdg.o(.text)
    .text                                    0x08001198   Section        0  master.o(.text)
    .text                                    0x08001410   Section        0  delay.o(.text)
    .text                                    0x080014e4   Section        0  sys.o(.text)
    .text                                    0x080014f0   Section        0  usart.o(.text)
    .text                                    0x080017c8   Section       64  startup_stm32f10x_hd.o(.text)
    .text                                    0x08001808   Section        0  misc.o(.text)
    .text                                    0x080018e4   Section        0  stm32f10x_gpio.o(.text)
    .text                                    0x08001c40   Section        0  stm32f10x_rcc.o(.text)
    .text                                    0x08001fe4   Section        0  stm32f10x_usart.o(.text)
    .text                                    0x080023ec   Section        0  stm32f10x_tim.o(.text)
    TI4_Config                               0x08002893   Thumb Code   130  stm32f10x_tim.o(.text)
    TI3_Config                               0x08002927   Thumb Code   122  stm32f10x_tim.o(.text)
    TI2_Config                               0x080029bb   Thumb Code   130  stm32f10x_tim.o(.text)
    TI1_Config                               0x08002a4f   Thumb Code   108  stm32f10x_tim.o(.text)
    .text                                    0x08003208   Section        0  stm32f10x_spi.o(.text)
    .text                                    0x08003514   Section        0  stm32f10x_iwdg.o(.text)
    .text                                    0x08003554   Section        0  timer.o(.text)
    .text                                    0x08003594   Section        0  uip.o(.text)
    chksum                                   0x08003605   Thumb Code    70  uip.o(.text)
    upper_layer_chksum                       0x0800368d   Thumb Code    68  uip.o(.text)
    uip_add_rcv_nxt                          0x080038af   Thumb Code    58  uip.o(.text)
    .text                                    0x080048b4   Section        0  uip_arp.o(.text)
    uip_arp_update                           0x0800492f   Thumb Code   272  uip_arp.o(.text)
    .text                                    0x08004cc0   Section        0  clock-arch.o(.text)
    .text                                    0x08004ccc   Section        0  tapdev.o(.text)
    .text                                    0x08004d28   Section        0  tcp_demo.o(.text)
    .text                                    0x08004d84   Section        0  tcp_client_demo.o(.text)
    .text                                    0x08005028   Section        2  use_no_semi_2.o(.text)
    .text                                    0x0800502c   Section        0  noretval__2printf.o(.text)
    .text                                    0x08005044   Section        0  __printf.o(.text)
    .text                                    0x080050ac   Section        0  _printf_str.o(.text)
    .text                                    0x08005100   Section        0  _printf_dec.o(.text)
    .text                                    0x08005178   Section      138  rt_memcpy_v6.o(.text)
    .text                                    0x08005202   Section       16  aeabi_memset.o(.text)
    .text                                    0x08005212   Section        0  heapauxi.o(.text)
    .text                                    0x08005218   Section        2  use_no_semi.o(.text)
    .text                                    0x0800521a   Section        0  _printf_intcommon.o(.text)
    .text                                    0x080052cc   Section        0  _printf_char.o(.text)
    .text                                    0x080052f8   Section        0  _printf_char_file.o(.text)
    .text                                    0x0800531c   Section      100  rt_memcpy_w.o(.text)
    .text                                    0x08005380   Section       68  rt_memclr.o(.text)
    .text                                    0x080053c4   Section        0  _printf_char_common.o(.text)
    _printf_input_char                       0x080053c5   Thumb Code    10  _printf_char_common.o(.text)
    .text                                    0x080053f4   Section        0  ferror.o(.text)
    .text                                    0x080053fc   Section       78  rt_memclr_w.o(.text)
    .text                                    0x0800544a   Section       74  sys_stackheap_outer.o(.text)
    .text                                    0x08005494   Section        0  exit.o(.text)
    .text                                    0x080054a0   Section        8  libspace.o(.text)
    .constdata                               0x080054a8   Section      512  master.o(.constdata)
    .constdata                               0x080056a8   Section        4  uip.o(.constdata)
    all_zeroes_addr                          0x080056a8   Data           4  uip.o(.constdata)
    .constdata                               0x080056ac   Section       10  uip_arp.o(.constdata)
    broadcast_ethaddr                        0x080056ac   Data           6  uip_arp.o(.constdata)
    broadcast_ipaddr                         0x080056b2   Data           4  uip_arp.o(.constdata)
    .constdata                               0x080056b6   Section        6  tapdev.o(.constdata)
    .data                                    0x20000000   Section       57  main.o(.data)
    periodic_timer                           0x20000028   Data           8  main.o(.data)
    arp_timer                                0x20000030   Data           8  main.o(.data)
    timer_ok                                 0x20000038   Data           1  main.o(.data)
    .data                                    0x2000003c   Section       20  system_stm32f10x.o(.data)
    .data                                    0x20000050   Section        6  timerx.o(.data)
    .data                                    0x20000058   Section        8  enc28j60.o(.data)
    ENC28J60BANK                             0x20000058   Data           1  enc28j60.o(.data)
    NextPacketPtr                            0x2000005c   Data           4  enc28j60.o(.data)
    .data                                    0x20000060   Section        4  delay.o(.data)
    fac_us                                   0x20000060   Data           1  delay.o(.data)
    fac_ms                                   0x20000062   Data           2  delay.o(.data)
    .data                                    0x20000064   Section       10  usart.o(.data)
    .data                                    0x2000006e   Section       20  stm32f10x_rcc.o(.data)
    APBAHBPrescTable                         0x2000006e   Data          16  stm32f10x_rcc.o(.data)
    ADCPrescTable                            0x2000007e   Data           4  stm32f10x_rcc.o(.data)
    .data                                    0x20000084   Section       56  uip.o(.data)
    ipid                                     0x200000ac   Data           2  uip.o(.data)
    iss                                      0x200000ae   Data           4  uip.o(.data)
    lastport                                 0x200000b2   Data           2  uip.o(.data)
    c                                        0x200000b8   Data           1  uip.o(.data)
    opt                                      0x200000b9   Data           1  uip.o(.data)
    tmp16                                    0x200000ba   Data           2  uip.o(.data)
    .data                                    0x200000bc   Section        8  uip_arp.o(.data)
    ipaddr                                   0x200000bc   Data           4  uip_arp.o(.data)
    i                                        0x200000c0   Data           1  uip_arp.o(.data)
    c                                        0x200000c1   Data           1  uip_arp.o(.data)
    arptime                                  0x200000c2   Data           1  uip_arp.o(.data)
    tmpage                                   0x200000c3   Data           1  uip_arp.o(.data)
    .data                                    0x200000c4   Section        3  tcp_client_demo.o(.data)
    .bss                                     0x200000c8   Section      138  main.o(.bss)
    .bss                                     0x20000152   Section      310  usart.o(.bss)
    .bss                                     0x20000288   Section     5824  uip.o(.bss)
    .bss                                     0x20001948   Section       96  uip_arp.o(.bss)
    arp_table                                0x20001948   Data          96  uip_arp.o(.bss)
    .bss                                     0x200019a8   Section      122  tcp_client_demo.o(.bss)
    .bss                                     0x20001a24   Section       96  libspace.o(.bss)
    HEAP                                     0x20001a88   Section      512  startup_stm32f10x_hd.o(HEAP)
    Heap_Mem                                 0x20001a88   Data         512  startup_stm32f10x_hd.o(HEAP)
    STACK                                    0x20001c88   Section     1024  startup_stm32f10x_hd.o(STACK)
    Stack_Mem                                0x20001c88   Data        1024  startup_stm32f10x_hd.o(STACK)
    __initial_sp                             0x20002088   Data           0  startup_stm32f10x_hd.o(STACK)

    Global Symbols

    Symbol Name                              Value     Ov Type        Size  Object(Section)

    BuildAttributes$$THM_ISAv4$P$D$K$B$S$PE$A:L22UL41UL21$X:L11$S22US41US21$IEEE1$IW$USESV6$~STKCKD$USESV7$~SHL$OSPACE$ROPI$EBA8$UX$STANDARDLIB$REQ8$PRES8$EABIv2 0x00000000   Number         0  anon$$obj.o ABSOLUTE
    __ARM_use_no_argv                        0x00000000   Number         0  main.o ABSOLUTE
    __ARM_exceptions_init                     - Undefined Weak Reference
    __alloca_initialize                       - Undefined Weak Reference
    __arm_preinit_                            - Undefined Weak Reference
    __cpp_initialize__aeabi_                  - Undefined Weak Reference
    __cxa_finalize                            - Undefined Weak Reference
    __rt_locale                               - Undefined Weak Reference
    __sigvec_lookup                           - Undefined Weak Reference
    _atexit_init                              - Undefined Weak Reference
    _call_atexit_fns                          - Undefined Weak Reference
    _clock_init                               - Undefined Weak Reference
    _fp_trap_init                             - Undefined Weak Reference
    _fp_trap_shutdown                         - Undefined Weak Reference
    _get_lc_collate                           - Undefined Weak Reference
    _get_lc_ctype                             - Undefined Weak Reference
    _get_lc_monetary                          - Undefined Weak Reference
    _get_lc_numeric                           - Undefined Weak Reference
    _get_lc_time                              - Undefined Weak Reference
    _getenv_init                              - Undefined Weak Reference
    _handle_redirection                       - Undefined Weak Reference
    _init_alloc                               - Undefined Weak Reference
    _init_user_alloc                          - Undefined Weak Reference
    _initio                                   - Undefined Weak Reference
    _mutex_acquire                            - Undefined Weak Reference
    _mutex_release                            - Undefined Weak Reference
    _printf_mbtowc                            - Undefined Weak Reference
    _printf_post_padding                      - Undefined Weak Reference
    _printf_pre_padding                       - Undefined Weak Reference
    _printf_truncate_signed                   - Undefined Weak Reference
    _printf_truncate_unsigned                 - Undefined Weak Reference
    _rand_init                                - Undefined Weak Reference
    _signal_finish                            - Undefined Weak Reference
    _signal_init                              - Undefined Weak Reference
    _terminate_alloc                          - Undefined Weak Reference
    _terminate_user_alloc                     - Undefined Weak Reference
    _terminateio                              - Undefined Weak Reference
    __Vectors_Size                           0x00000130   Number         0  startup_stm32f10x_hd.o ABSOLUTE
    __Vectors                                0x08000000   Data           4  startup_stm32f10x_hd.o(RESET)
    __Vectors_End                            0x08000130   Data           0  startup_stm32f10x_hd.o(RESET)
    __main                                   0x08000131   Thumb Code     8  __main.o(!!!main)
    __scatterload                            0x08000139   Thumb Code     0  __scatter.o(!!!scatter)
    __scatterload_rt2                        0x08000139   Thumb Code    44  __scatter.o(!!!scatter)
    __scatterload_rt2_thumb_only             0x08000139   Thumb Code     0  __scatter.o(!!!scatter)
    __scatterload_null                       0x08000147   Thumb Code     0  __scatter.o(!!!scatter)
    __scatterload_copy                       0x0800016d   Thumb Code    26  __scatter_copy.o(!!handler_copy)
    __scatterload_zeroinit                   0x08000189   Thumb Code    28  __scatter_zi.o(!!handler_zi)
    _printf_d                                0x080001a5   Thumb Code     0  _printf_d.o(.ARM.Collect$$_printf_percent$$00000009)
    _printf_percent                          0x080001a5   Thumb Code     0  _printf_percent.o(.ARM.Collect$$_printf_percent$$00000000)
    _printf_s                                0x080001ab   Thumb Code     0  _printf_s.o(.ARM.Collect$$_printf_percent$$00000014)
    _printf_percent_end                      0x080001b1   Thumb Code     0  _printf_percent_end.o(.ARM.Collect$$_printf_percent$$00000017)
    __rt_lib_init                            0x080001b5   Thumb Code     0  libinit.o(.ARM.Collect$$libinit$$00000000)
    __rt_lib_init_alloca_1                   0x080001b7   Thumb Code     0  libinit2.o(.ARM.Collect$$libinit$$0000002E)
    __rt_lib_init_argv_1                     0x080001b7   Thumb Code     0  libinit2.o(.ARM.Collect$$libinit$$0000002C)
    __rt_lib_init_atexit_1                   0x080001b7   Thumb Code     0  libinit2.o(.ARM.Collect$$libinit$$0000001B)
    __rt_lib_init_clock_1                    0x080001b7   Thumb Code     0  libinit2.o(.ARM.Collect$$libinit$$00000021)
    __rt_lib_init_cpp_1                      0x080001b7   Thumb Code     0  libinit2.o(.ARM.Collect$$libinit$$00000032)
    __rt_lib_init_exceptions_1               0x080001b7   Thumb Code     0  libinit2.o(.ARM.Collect$$libinit$$00000030)
    __rt_lib_init_fp_1                       0x080001b7   Thumb Code     0  libinit2.o(.ARM.Collect$$libinit$$00000002)
    __rt_lib_init_fp_trap_1                  0x080001b7   Thumb Code     0  libinit2.o(.ARM.Collect$$libinit$$0000001F)
    __rt_lib_init_getenv_1                   0x080001b7   Thumb Code     0  libinit2.o(.ARM.Collect$$libinit$$00000023)
    __rt_lib_init_heap_1                     0x080001b7   Thumb Code     0  libinit2.o(.ARM.Collect$$libinit$$0000000A)
    __rt_lib_init_lc_collate_1               0x080001b7   Thumb Code     0  libinit2.o(.ARM.Collect$$libinit$$00000011)
    __rt_lib_init_lc_ctype_1                 0x080001b7   Thumb Code     0  libinit2.o(.ARM.Collect$$libinit$$00000013)
    __rt_lib_init_lc_monetary_1              0x080001b7   Thumb Code     0  libinit2.o(.ARM.Collect$$libinit$$00000015)
    __rt_lib_init_lc_numeric_1               0x080001b7   Thumb Code     0  libinit2.o(.ARM.Collect$$libinit$$00000017)
    __rt_lib_init_lc_time_1                  0x080001b7   Thumb Code     0  libinit2.o(.ARM.Collect$$libinit$$00000019)
    __rt_lib_init_preinit_1                  0x080001b7   Thumb Code     0  libinit2.o(.ARM.Collect$$libinit$$00000004)
    __rt_lib_init_rand_1                     0x080001b7   Thumb Code     0  libinit2.o(.ARM.Collect$$libinit$$0000000E)
    __rt_lib_init_return                     0x080001b7   Thumb Code     0  libinit2.o(.ARM.Collect$$libinit$$00000033)
    __rt_lib_init_signal_1                   0x080001b7   Thumb Code     0  libinit2.o(.ARM.Collect$$libinit$$0000001D)
    __rt_lib_init_stdio_1                    0x080001b7   Thumb Code     0  libinit2.o(.ARM.Collect$$libinit$$00000025)
    __rt_lib_init_user_alloc_1               0x080001b7   Thumb Code     0  libinit2.o(.ARM.Collect$$libinit$$0000000C)
    __rt_lib_shutdown                        0x080001b9   Thumb Code     0  libshutdown.o(.ARM.Collect$$libshutdown$$00000000)
    __rt_lib_shutdown_fp_trap_1              0x080001bb   Thumb Code     0  libshutdown2.o(.ARM.Collect$$libshutdown$$00000006)
    __rt_lib_shutdown_heap_1                 0x080001bb   Thumb Code     0  libshutdown2.o(.ARM.Collect$$libshutdown$$0000000E)
    __rt_lib_shutdown_return                 0x080001bb   Thumb Code     0  libshutdown2.o(.ARM.Collect$$libshutdown$$0000000F)
    __rt_lib_shutdown_signal_1               0x080001bb   Thumb Code     0  libshutdown2.o(.ARM.Collect$$libshutdown$$00000009)
    __rt_lib_shutdown_stdio_1                0x080001bb   Thumb Code     0  libshutdown2.o(.ARM.Collect$$libshutdown$$00000003)
    __rt_lib_shutdown_user_alloc_1           0x080001bb   Thumb Code     0  libshutdown2.o(.ARM.Collect$$libshutdown$$0000000B)
    __rt_entry                               0x080001bd   Thumb Code     0  __rtentry.o(.ARM.Collect$$rtentry$$00000000)
    __rt_entry_presh_1                       0x080001bd   Thumb Code     0  __rtentry2.o(.ARM.Collect$$rtentry$$00000002)
    __rt_entry_sh                            0x080001bd   Thumb Code     0  __rtentry4.o(.ARM.Collect$$rtentry$$00000004)
    __rt_entry_li                            0x080001c3   Thumb Code     0  __rtentry2.o(.ARM.Collect$$rtentry$$0000000A)
    __rt_entry_postsh_1                      0x080001c3   Thumb Code     0  __rtentry2.o(.ARM.Collect$$rtentry$$00000009)
    __rt_entry_main                          0x080001c7   Thumb Code     0  __rtentry2.o(.ARM.Collect$$rtentry$$0000000D)
    __rt_entry_postli_1                      0x080001c7   Thumb Code     0  __rtentry2.o(.ARM.Collect$$rtentry$$0000000C)
    __rt_exit                                0x080001cf   Thumb Code     0  rtexit.o(.ARM.Collect$$rtexit$$00000000)
    __rt_exit_ls                             0x080001d1   Thumb Code     0  rtexit2.o(.ARM.Collect$$rtexit$$00000003)
    __rt_exit_prels_1                        0x080001d1   Thumb Code     0  rtexit2.o(.ARM.Collect$$rtexit$$00000002)
    __rt_exit_exit                           0x080001d5   Thumb Code     0  rtexit2.o(.ARM.Collect$$rtexit$$00000004)
    uip_polling                              0x080001dd   Thumb Code   212  main.o(.text)
    reconnect                                0x080002b1   Thumb Code   114  main.o(.text)
    main                                     0x08000323   Thumb Code   226  main.o(.text)
    receive_data                             0x08000405   Thumb Code   258  main.o(.text)
    delay_1s                                 0x08000507   Thumb Code    54  main.o(.text)
    delay_500ms                              0x0800053d   Thumb Code    54  main.o(.text)
    delay_50ms                               0x08000573   Thumb Code    52  main.o(.text)
    NMI_Handler                              0x08000671   Thumb Code     2  stm32f10x_it.o(.text)
    HardFault_Handler                        0x08000673   Thumb Code     4  stm32f10x_it.o(.text)
    MemManage_Handler                        0x08000677   Thumb Code     4  stm32f10x_it.o(.text)
    BusFault_Handler                         0x0800067b   Thumb Code     4  stm32f10x_it.o(.text)
    UsageFault_Handler                       0x0800067f   Thumb Code     4  stm32f10x_it.o(.text)
    SVC_Handler                              0x08000683   Thumb Code     2  stm32f10x_it.o(.text)
    DebugMon_Handler                         0x08000685   Thumb Code     2  stm32f10x_it.o(.text)
    PendSV_Handler                           0x08000687   Thumb Code     2  stm32f10x_it.o(.text)
    SysTick_Handler                          0x08000689   Thumb Code     2  stm32f10x_it.o(.text)
    SystemInit                               0x0800076b   Thumb Code    78  system_stm32f10x.o(.text)
    SystemCoreClockUpdate                    0x080007b9   Thumb Code   142  system_stm32f10x.o(.text)
    LED_Init                                 0x0800086d   Thumb Code    76  led.o(.text)
    led_breath                               0x080008b9   Thumb Code    84  led.o(.text)
    TIM2_IRQHandler                          0x08000915   Thumb Code    32  timerx.o(.text)
    TIM2_Int_Init                            0x08000935   Thumb Code    92  timerx.o(.text)
    Timer3_Init                              0x08000991   Thumb Code    78  timerx.o(.text)
    Timer3_enable                            0x080009df   Thumb Code    38  timerx.o(.text)
    Timer3_disable                           0x08000a05   Thumb Code    22  timerx.o(.text)
    Timer4_enable                            0x08000a1b   Thumb Code    90  timerx.o(.text)
    Timer4_disable                           0x08000a75   Thumb Code    30  timerx.o(.text)
    TIM3_IRQHandler                          0x08000a93   Thumb Code    82  timerx.o(.text)
    TIM4_IRQHandler                          0x08000ae5   Thumb Code    40  timerx.o(.text)
    SPI2_ReadWriteByte                       0x08000b4d   Thumb Code    78  spi.o(.text)
    SPI2_Init                                0x08000b9b   Thumb Code   136  spi.o(.text)
    SPI2_SetSpeed                            0x08000c23   Thumb Code    36  spi.o(.text)
    ENC28J60_Reset                           0x08000d0f   Thumb Code    52  enc28j60.o(.text)
    ENC28J60_Read_Op                         0x08000d43   Thumb Code    60  enc28j60.o(.text)
    ENC28J60_Write_Op                        0x08000d7f   Thumb Code    50  enc28j60.o(.text)
    ENC28J60_Read_Buf                        0x08000db1   Thumb Code    48  enc28j60.o(.text)
    ENC28J60_Write_Buf                       0x08000de1   Thumb Code    42  enc28j60.o(.text)
    ENC28J60_Set_Bank                        0x08000e0b   Thumb Code    48  enc28j60.o(.text)
    ENC28J60_Read                            0x08000e3b   Thumb Code    20  enc28j60.o(.text)
    ENC28J60_Write                           0x08000e4f   Thumb Code    24  enc28j60.o(.text)
    ENC28J60_PHY_Write                       0x08000e67   Thumb Code    62  enc28j60.o(.text)
    ENC28J60_Init                            0x08000ea5   Thumb Code   366  enc28j60.o(.text)
    ENC28J60_Get_EREVID                      0x08001013   Thumb Code    10  enc28j60.o(.text)
    ENC28J60_Packet_Send                     0x0800101d   Thumb Code   142  enc28j60.o(.text)
    ENC28J60_Packet_Receive                  0x080010ab   Thumb Code   188  enc28j60.o(.text)
    IWDG_Init                                0x0800116d   Thumb Code    36  wdg.o(.text)
    IWDG_Feed                                0x08001191   Thumb Code     8  wdg.o(.text)
    crc16                                    0x08001199   Thumb Code    48  master.o(.text)
    construct_rtu_frm                        0x080011c9   Thumb Code    56  master.o(.text)
    rtu_read_hldreg                          0x08001201   Thumb Code    80  master.o(.text)
    rtu_set_hldreg                           0x08001251   Thumb Code    80  master.o(.text)
    set_dout_value                           0x080012a1   Thumb Code    20  master.o(.text)
    rtu_data_anlys                           0x080012b5   Thumb Code   104  master.o(.text)
    modbus_rtu                               0x0800131d   Thumb Code   196  master.o(.text)
    delay_init                               0x08001411   Thumb Code    50  delay.o(.text)
    delay_us                                 0x08001443   Thumb Code    72  delay.o(.text)
    delay_ms                                 0x0800148b   Thumb Code    72  delay.o(.text)
    NVIC_Configuration                       0x080014e5   Thumb Code    12  sys.o(.text)
    _sys_exit                                0x080014f1   Thumb Code     6  usart.o(.text)
    fputc                                    0x080014f7   Thumb Code    32  usart.o(.text)
    uart1_init                               0x08001517   Thumb Code   158  usart.o(.text)
    USART1_IRQHandler                        0x080015b5   Thumb Code   122  usart.o(.text)
    uart2_init                               0x0800162f   Thumb Code   192  usart.o(.text)
    beginSend                                0x080016ef   Thumb Code    44  usart.o(.text)
    USART2_IRQHandler                        0x0800171b   Thumb Code   128  usart.o(.text)
    Reset_Handler                            0x080017c9   Thumb Code     8  startup_stm32f10x_hd.o(.text)
    ADC1_2_IRQHandler                        0x080017e3   Thumb Code     0  startup_stm32f10x_hd.o(.text)
    ADC3_IRQHandler                          0x080017e3   Thumb Code     0  startup_stm32f10x_hd.o(.text)
    CAN1_RX1_IRQHandler                      0x080017e3   Thumb Code     0  startup_stm32f10x_hd.o(.text)
    CAN1_SCE_IRQHandler                      0x080017e3   Thumb Code     0  startup_stm32f10x_hd.o(.text)
    DMA1_Channel1_IRQHandler                 0x080017e3   Thumb Code     0  startup_stm32f10x_hd.o(.text)
    DMA1_Channel2_IRQHandler                 0x080017e3   Thumb Code     0  startup_stm32f10x_hd.o(.text)
    DMA1_Channel3_IRQHandler                 0x080017e3   Thumb Code     0  startup_stm32f10x_hd.o(.text)
    DMA1_Channel4_IRQHandler                 0x080017e3   Thumb Code     0  startup_stm32f10x_hd.o(.text)
    DMA1_Channel5_IRQHandler                 0x080017e3   Thumb Code     0  startup_stm32f10x_hd.o(.text)
    DMA1_Channel6_IRQHandler                 0x080017e3   Thumb Code     0  startup_stm32f10x_hd.o(.text)
    DMA1_Channel7_IRQHandler                 0x080017e3   Thumb Code     0  startup_stm32f10x_hd.o(.text)
    DMA2_Channel1_IRQHandler                 0x080017e3   Thumb Code     0  startup_stm32f10x_hd.o(.text)
    DMA2_Channel2_IRQHandler                 0x080017e3   Thumb Code     0  startup_stm32f10x_hd.o(.text)
    DMA2_Channel3_IRQHandler                 0x080017e3   Thumb Code     0  startup_stm32f10x_hd.o(.text)
    DMA2_Channel4_5_IRQHandler               0x080017e3   Thumb Code     0  startup_stm32f10x_hd.o(.text)
    EXTI0_IRQHandler                         0x080017e3   Thumb Code     0  startup_stm32f10x_hd.o(.text)
    EXTI15_10_IRQHandler                     0x080017e3   Thumb Code     0  startup_stm32f10x_hd.o(.text)
    EXTI1_IRQHandler                         0x080017e3   Thumb Code     0  startup_stm32f10x_hd.o(.text)
    EXTI2_IRQHandler                         0x080017e3   Thumb Code     0  startup_stm32f10x_hd.o(.text)
    EXTI3_IRQHandler                         0x080017e3   Thumb Code     0  startup_stm32f10x_hd.o(.text)
    EXTI4_IRQHandler                         0x080017e3   Thumb Code     0  startup_stm32f10x_hd.o(.text)
    EXTI9_5_IRQHandler                       0x080017e3   Thumb Code     0  startup_stm32f10x_hd.o(.text)
    FLASH_IRQHandler                         0x080017e3   Thumb Code     0  startup_stm32f10x_hd.o(.text)
    FSMC_IRQHandler                          0x080017e3   Thumb Code     0  startup_stm32f10x_hd.o(.text)
    I2C1_ER_IRQHandler                       0x080017e3   Thumb Code     0  startup_stm32f10x_hd.o(.text)
    I2C1_EV_IRQHandler                       0x080017e3   Thumb Code     0  startup_stm32f10x_hd.o(.text)
    I2C2_ER_IRQHandler                       0x080017e3   Thumb Code     0  startup_stm32f10x_hd.o(.text)
    I2C2_EV_IRQHandler                       0x080017e3   Thumb Code     0  startup_stm32f10x_hd.o(.text)
    PVD_IRQHandler                           0x080017e3   Thumb Code     0  startup_stm32f10x_hd.o(.text)
    RCC_IRQHandler                           0x080017e3   Thumb Code     0  startup_stm32f10x_hd.o(.text)
    RTCAlarm_IRQHandler                      0x080017e3   Thumb Code     0  startup_stm32f10x_hd.o(.text)
    RTC_IRQHandler                           0x080017e3   Thumb Code     0  startup_stm32f10x_hd.o(.text)
    SDIO_IRQHandler                          0x080017e3   Thumb Code     0  startup_stm32f10x_hd.o(.text)
    SPI1_IRQHandler                          0x080017e3   Thumb Code     0  startup_stm32f10x_hd.o(.text)
    SPI2_IRQHandler                          0x080017e3   Thumb Code     0  startup_stm32f10x_hd.o(.text)
    SPI3_IRQHandler                          0x080017e3   Thumb Code     0  startup_stm32f10x_hd.o(.text)
    TAMPER_IRQHandler                        0x080017e3   Thumb Code     0  startup_stm32f10x_hd.o(.text)
    TIM1_BRK_IRQHandler                      0x080017e3   Thumb Code     0  startup_stm32f10x_hd.o(.text)
    TIM1_CC_IRQHandler                       0x080017e3   Thumb Code     0  startup_stm32f10x_hd.o(.text)
    TIM1_TRG_COM_IRQHandler                  0x080017e3   Thumb Code     0  startup_stm32f10x_hd.o(.text)
    TIM1_UP_IRQHandler                       0x080017e3   Thumb Code     0  startup_stm32f10x_hd.o(.text)
    TIM5_IRQHandler                          0x080017e3   Thumb Code     0  startup_stm32f10x_hd.o(.text)
    TIM6_IRQHandler                          0x080017e3   Thumb Code     0  startup_stm32f10x_hd.o(.text)
    TIM7_IRQHandler                          0x080017e3   Thumb Code     0  startup_stm32f10x_hd.o(.text)
    TIM8_BRK_IRQHandler                      0x080017e3   Thumb Code     0  startup_stm32f10x_hd.o(.text)
    TIM8_CC_IRQHandler                       0x080017e3   Thumb Code     0  startup_stm32f10x_hd.o(.text)
    TIM8_TRG_COM_IRQHandler                  0x080017e3   Thumb Code     0  startup_stm32f10x_hd.o(.text)
    TIM8_UP_IRQHandler                       0x080017e3   Thumb Code     0  startup_stm32f10x_hd.o(.text)
    UART4_IRQHandler                         0x080017e3   Thumb Code     0  startup_stm32f10x_hd.o(.text)
    UART5_IRQHandler                         0x080017e3   Thumb Code     0  startup_stm32f10x_hd.o(.text)
    USART3_IRQHandler                        0x080017e3   Thumb Code     0  startup_stm32f10x_hd.o(.text)
    USBWakeUp_IRQHandler                     0x080017e3   Thumb Code     0  startup_stm32f10x_hd.o(.text)
    USB_HP_CAN1_TX_IRQHandler                0x080017e3   Thumb Code     0  startup_stm32f10x_hd.o(.text)
    USB_LP_CAN1_RX0_IRQHandler               0x080017e3   Thumb Code     0  startup_stm32f10x_hd.o(.text)
    WWDG_IRQHandler                          0x080017e3   Thumb Code     0  startup_stm32f10x_hd.o(.text)
    __user_initial_stackheap                 0x080017e5   Thumb Code     0  startup_stm32f10x_hd.o(.text)
    NVIC_PriorityGroupConfig                 0x08001809   Thumb Code    10  misc.o(.text)
    NVIC_Init                                0x08001813   Thumb Code   100  misc.o(.text)
    NVIC_SetVectorTable                      0x08001877   Thumb Code    14  misc.o(.text)
    NVIC_SystemLPConfig                      0x08001885   Thumb Code    34  misc.o(.text)
    SysTick_CLKSourceConfig                  0x080018a7   Thumb Code    40  misc.o(.text)
    GPIO_DeInit                              0x080018e5   Thumb Code   172  stm32f10x_gpio.o(.text)
    GPIO_AFIODeInit                          0x08001991   Thumb Code    20  stm32f10x_gpio.o(.text)
    GPIO_Init                                0x080019a5   Thumb Code   278  stm32f10x_gpio.o(.text)
    GPIO_StructInit                          0x08001abb   Thumb Code    16  stm32f10x_gpio.o(.text)
    GPIO_ReadInputDataBit                    0x08001acb   Thumb Code    18  stm32f10x_gpio.o(.text)
    GPIO_ReadInputData                       0x08001add   Thumb Code     8  stm32f10x_gpio.o(.text)
    GPIO_ReadOutputDataBit                   0x08001ae5   Thumb Code    18  stm32f10x_gpio.o(.text)
    GPIO_ReadOutputData                      0x08001af7   Thumb Code     8  stm32f10x_gpio.o(.text)
    GPIO_SetBits                             0x08001aff   Thumb Code     4  stm32f10x_gpio.o(.text)
    GPIO_ResetBits                           0x08001b03   Thumb Code     4  stm32f10x_gpio.o(.text)
    GPIO_WriteBit                            0x08001b07   Thumb Code    10  stm32f10x_gpio.o(.text)
    GPIO_Write                               0x08001b11   Thumb Code     4  stm32f10x_gpio.o(.text)
    GPIO_PinLockConfig                       0x08001b15   Thumb Code    18  stm32f10x_gpio.o(.text)
    GPIO_EventOutputConfig                   0x08001b27   Thumb Code    26  stm32f10x_gpio.o(.text)
    GPIO_EventOutputCmd                      0x08001b41   Thumb Code     6  stm32f10x_gpio.o(.text)
    GPIO_PinRemapConfig                      0x08001b47   Thumb Code   138  stm32f10x_gpio.o(.text)
    GPIO_EXTILineConfig                      0x08001bd1   Thumb Code    66  stm32f10x_gpio.o(.text)
    GPIO_ETH_MediaInterfaceConfig            0x08001c13   Thumb Code     8  stm32f10x_gpio.o(.text)
    RCC_DeInit                               0x08001c41   Thumb Code    64  stm32f10x_rcc.o(.text)
    RCC_HSEConfig                            0x08001c81   Thumb Code    70  stm32f10x_rcc.o(.text)
    RCC_GetFlagStatus                        0x08001cc7   Thumb Code    56  stm32f10x_rcc.o(.text)
    RCC_WaitForHSEStartUp                    0x08001cff   Thumb Code    56  stm32f10x_rcc.o(.text)
    RCC_AdjustHSICalibrationValue            0x08001d37   Thumb Code    20  stm32f10x_rcc.o(.text)
    RCC_HSICmd                               0x08001d4b   Thumb Code     6  stm32f10x_rcc.o(.text)
    RCC_PLLConfig                            0x08001d51   Thumb Code    24  stm32f10x_rcc.o(.text)
    RCC_PLLCmd                               0x08001d69   Thumb Code     6  stm32f10x_rcc.o(.text)
    RCC_SYSCLKConfig                         0x08001d6f   Thumb Code    18  stm32f10x_rcc.o(.text)
    RCC_GetSYSCLKSource                      0x08001d81   Thumb Code    10  stm32f10x_rcc.o(.text)
    RCC_HCLKConfig                           0x08001d8b   Thumb Code    18  stm32f10x_rcc.o(.text)
    RCC_PCLK1Config                          0x08001d9d   Thumb Code    18  stm32f10x_rcc.o(.text)
    RCC_PCLK2Config                          0x08001daf   Thumb Code    20  stm32f10x_rcc.o(.text)
    RCC_ITConfig                             0x08001dc3   Thumb Code    26  stm32f10x_rcc.o(.text)
    RCC_USBCLKConfig                         0x08001ddd   Thumb Code     8  stm32f10x_rcc.o(.text)
    RCC_ADCCLKConfig                         0x08001de5   Thumb Code    18  stm32f10x_rcc.o(.text)
    RCC_LSEConfig                            0x08001df7   Thumb Code    50  stm32f10x_rcc.o(.text)
    RCC_LSICmd                               0x08001e29   Thumb Code     6  stm32f10x_rcc.o(.text)
    RCC_RTCCLKConfig                         0x08001e2f   Thumb Code    12  stm32f10x_rcc.o(.text)
    RCC_RTCCLKCmd                            0x08001e3b   Thumb Code     8  stm32f10x_rcc.o(.text)
    RCC_GetClocksFreq                        0x08001e43   Thumb Code   192  stm32f10x_rcc.o(.text)
    RCC_AHBPeriphClockCmd                    0x08001f03   Thumb Code    26  stm32f10x_rcc.o(.text)
    RCC_APB2PeriphClockCmd                   0x08001f1d   Thumb Code    26  stm32f10x_rcc.o(.text)
    RCC_APB1PeriphClockCmd                   0x08001f37   Thumb Code    26  stm32f10x_rcc.o(.text)
    RCC_APB2PeriphResetCmd                   0x08001f51   Thumb Code    26  stm32f10x_rcc.o(.text)
    RCC_APB1PeriphResetCmd                   0x08001f6b   Thumb Code    26  stm32f10x_rcc.o(.text)
    RCC_BackupResetCmd                       0x08001f85   Thumb Code     8  stm32f10x_rcc.o(.text)
    RCC_ClockSecuritySystemCmd               0x08001f8d   Thumb Code     6  stm32f10x_rcc.o(.text)
    RCC_MCOConfig                            0x08001f93   Thumb Code     6  stm32f10x_rcc.o(.text)
    RCC_ClearFlag                            0x08001f99   Thumb Code    14  stm32f10x_rcc.o(.text)
    RCC_GetITStatus                          0x08001fa7   Thumb Code    20  stm32f10x_rcc.o(.text)
    RCC_ClearITPendingBit                    0x08001fbb   Thumb Code     6  stm32f10x_rcc.o(.text)
    USART_DeInit                             0x08001fe5   Thumb Code   134  stm32f10x_usart.o(.text)
    USART_Init                               0x0800206b   Thumb Code   210  stm32f10x_usart.o(.text)
    USART_StructInit                         0x0800213d   Thumb Code    24  stm32f10x_usart.o(.text)
    USART_ClockInit                          0x08002155   Thumb Code    34  stm32f10x_usart.o(.text)
    USART_ClockStructInit                    0x08002177   Thumb Code    12  stm32f10x_usart.o(.text)
    USART_Cmd                                0x08002183   Thumb Code    24  stm32f10x_usart.o(.text)
    USART_ITConfig                           0x0800219b   Thumb Code    74  stm32f10x_usart.o(.text)
    USART_DMACmd                             0x080021e5   Thumb Code    18  stm32f10x_usart.o(.text)
    USART_SetAddress                         0x080021f7   Thumb Code    18  stm32f10x_usart.o(.text)
    USART_WakeUpConfig                       0x08002209   Thumb Code    18  stm32f10x_usart.o(.text)
    USART_ReceiverWakeUpCmd                  0x0800221b   Thumb Code    24  stm32f10x_usart.o(.text)
    USART_LINBreakDetectLengthConfig         0x08002233   Thumb Code    18  stm32f10x_usart.o(.text)
    USART_LINCmd                             0x08002245   Thumb Code    24  stm32f10x_usart.o(.text)
    USART_SendData                           0x0800225d   Thumb Code     8  stm32f10x_usart.o(.text)
    USART_ReceiveData                        0x08002265   Thumb Code    10  stm32f10x_usart.o(.text)
    USART_SendBreak                          0x0800226f   Thumb Code    10  stm32f10x_usart.o(.text)
    USART_SetGuardTime                       0x08002279   Thumb Code    16  stm32f10x_usart.o(.text)
    USART_SetPrescaler                       0x08002289   Thumb Code    16  stm32f10x_usart.o(.text)
    USART_SmartCardCmd                       0x08002299   Thumb Code    24  stm32f10x_usart.o(.text)
    USART_SmartCardNACKCmd                   0x080022b1   Thumb Code    24  stm32f10x_usart.o(.text)
    USART_HalfDuplexCmd                      0x080022c9   Thumb Code    24  stm32f10x_usart.o(.text)
    USART_OverSampling8Cmd                   0x080022e1   Thumb Code    22  stm32f10x_usart.o(.text)
    USART_OneBitMethodCmd                    0x080022f7   Thumb Code    24  stm32f10x_usart.o(.text)
    USART_IrDAConfig                         0x0800230f   Thumb Code    18  stm32f10x_usart.o(.text)
    USART_IrDACmd                            0x08002321   Thumb Code    24  stm32f10x_usart.o(.text)
    USART_GetFlagStatus                      0x08002339   Thumb Code    26  stm32f10x_usart.o(.text)
    USART_ClearFlag                          0x08002353   Thumb Code    18  stm32f10x_usart.o(.text)
    USART_GetITStatus                        0x08002365   Thumb Code    84  stm32f10x_usart.o(.text)
    USART_ClearITPendingBit                  0x080023b9   Thumb Code    52  stm32f10x_usart.o(.text)
    TIM_DeInit                               0x080023ed   Thumb Code   424  stm32f10x_tim.o(.text)
    TIM_TimeBaseInit                         0x08002595   Thumb Code   122  stm32f10x_tim.o(.text)
    TIM_OC1Init                              0x0800260f   Thumb Code   132  stm32f10x_tim.o(.text)
    TIM_OC2Init                              0x08002693   Thumb Code   154  stm32f10x_tim.o(.text)
    TIM_OC3Init                              0x0800272d   Thumb Code   150  stm32f10x_tim.o(.text)
    TIM_OC4Init                              0x080027c3   Thumb Code   182  stm32f10x_tim.o(.text)
    TIM_SetIC4Prescaler                      0x08002879   Thumb Code    26  stm32f10x_tim.o(.text)
    TIM_SetIC3Prescaler                      0x08002915   Thumb Code    18  stm32f10x_tim.o(.text)
    TIM_SetIC2Prescaler                      0x080029a1   Thumb Code    26  stm32f10x_tim.o(.text)
    TIM_SetIC1Prescaler                      0x08002a3d   Thumb Code    18  stm32f10x_tim.o(.text)
    TIM_ICInit                               0x08002abb   Thumb Code   150  stm32f10x_tim.o(.text)
    TIM_PWMIConfig                           0x08002b51   Thumb Code   124  stm32f10x_tim.o(.text)
    TIM_BDTRConfig                           0x08002bcd   Thumb Code    32  stm32f10x_tim.o(.text)
    TIM_TimeBaseStructInit                   0x08002bed   Thumb Code    18  stm32f10x_tim.o(.text)
    TIM_OCStructInit                         0x08002bff   Thumb Code    20  stm32f10x_tim.o(.text)
    TIM_ICStructInit                         0x08002c13   Thumb Code    18  stm32f10x_tim.o(.text)
    TIM_BDTRStructInit                       0x08002c25   Thumb Code    40  stm32f10x_tim.o(.text)
    TIM_Cmd                                  0x08002c4d   Thumb Code    24  stm32f10x_tim.o(.text)
    TIM_CtrlPWMOutputs                       0x08002c65   Thumb Code    30  stm32f10x_tim.o(.text)
    TIM_ITConfig                             0x08002c83   Thumb Code    18  stm32f10x_tim.o(.text)
    TIM_GenerateEvent                        0x08002c95   Thumb Code     4  stm32f10x_tim.o(.text)
    TIM_DMAConfig                            0x08002c99   Thumb Code    10  stm32f10x_tim.o(.text)
    TIM_DMACmd                               0x08002ca3   Thumb Code    18  stm32f10x_tim.o(.text)
    TIM_InternalClockConfig                  0x08002cb5   Thumb Code    12  stm32f10x_tim.o(.text)
    TIM_SelectInputTrigger                   0x08002cc1   Thumb Code    18  stm32f10x_tim.o(.text)
    TIM_ITRxExternalClockConfig              0x08002cd3   Thumb Code    24  stm32f10x_tim.o(.text)
    TIM_TIxExternalClockConfig               0x08002ceb   Thumb Code    62  stm32f10x_tim.o(.text)
    TIM_ETRConfig                            0x08002d29   Thumb Code    28  stm32f10x_tim.o(.text)
    TIM_ETRClockMode1Config                  0x08002d45   Thumb Code    54  stm32f10x_tim.o(.text)
    TIM_ETRClockMode2Config                  0x08002d7b   Thumb Code    32  stm32f10x_tim.o(.text)
    TIM_PrescalerConfig                      0x08002d9b   Thumb Code     6  stm32f10x_tim.o(.text)
    TIM_CounterModeConfig                    0x08002da1   Thumb Code    18  stm32f10x_tim.o(.text)
    TIM_EncoderInterfaceConfig               0x08002db3   Thumb Code    66  stm32f10x_tim.o(.text)
    TIM_ForcedOC1Config                      0x08002df5   Thumb Code    18  stm32f10x_tim.o(.text)
    TIM_ForcedOC2Config                      0x08002e07   Thumb Code    26  stm32f10x_tim.o(.text)
    TIM_ForcedOC3Config                      0x08002e21   Thumb Code    18  stm32f10x_tim.o(.text)
    TIM_ForcedOC4Config                      0x08002e33   Thumb Code    26  stm32f10x_tim.o(.text)
    TIM_ARRPreloadConfig                     0x08002e4d   Thumb Code    24  stm32f10x_tim.o(.text)
    TIM_SelectCOM                            0x08002e65   Thumb Code    24  stm32f10x_tim.o(.text)
    TIM_SelectCCDMA                          0x08002e7d   Thumb Code    24  stm32f10x_tim.o(.text)
    TIM_CCPreloadControl                     0x08002e95   Thumb Code    24  stm32f10x_tim.o(.text)
    TIM_OC1PreloadConfig                     0x08002ead   Thumb Code    18  stm32f10x_tim.o(.text)
    TIM_OC2PreloadConfig                     0x08002ebf   Thumb Code    26  stm32f10x_tim.o(.text)
    TIM_OC3PreloadConfig                     0x08002ed9   Thumb Code    18  stm32f10x_tim.o(.text)
    TIM_OC4PreloadConfig                     0x08002eeb   Thumb Code    26  stm32f10x_tim.o(.text)
    TIM_OC1FastConfig                        0x08002f05   Thumb Code    18  stm32f10x_tim.o(.text)
    TIM_OC2FastConfig                        0x08002f17   Thumb Code    26  stm32f10x_tim.o(.text)
    TIM_OC3FastConfig                        0x08002f31   Thumb Code    18  stm32f10x_tim.o(.text)
    TIM_OC4FastConfig                        0x08002f43   Thumb Code    26  stm32f10x_tim.o(.text)
    TIM_ClearOC1Ref                          0x08002f5d   Thumb Code    18  stm32f10x_tim.o(.text)
    TIM_ClearOC2Ref                          0x08002f6f   Thumb Code    24  stm32f10x_tim.o(.text)
    TIM_ClearOC3Ref                          0x08002f87   Thumb Code    18  stm32f10x_tim.o(.text)
    TIM_ClearOC4Ref                          0x08002f99   Thumb Code    24  stm32f10x_tim.o(.text)
    TIM_OC1PolarityConfig                    0x08002fb1   Thumb Code    18  stm32f10x_tim.o(.text)
    TIM_OC1NPolarityConfig                   0x08002fc3   Thumb Code    18  stm32f10x_tim.o(.text)
    TIM_OC2PolarityConfig                    0x08002fd5   Thumb Code    26  stm32f10x_tim.o(.text)
    TIM_OC2NPolarityConfig                   0x08002fef   Thumb Code    26  stm32f10x_tim.o(.text)
    TIM_OC3PolarityConfig                    0x08003009   Thumb Code    26  stm32f10x_tim.o(.text)
    TIM_OC3NPolarityConfig                   0x08003023   Thumb Code    26  stm32f10x_tim.o(.text)
    TIM_OC4PolarityConfig                    0x0800303d   Thumb Code    26  stm32f10x_tim.o(.text)
    TIM_CCxCmd                               0x08003057   Thumb Code    30  stm32f10x_tim.o(.text)
    TIM_CCxNCmd                              0x08003075   Thumb Code    30  stm32f10x_tim.o(.text)
    TIM_SelectOCxM                           0x08003093   Thumb Code    82  stm32f10x_tim.o(.text)
    TIM_UpdateDisableConfig                  0x080030e5   Thumb Code    24  stm32f10x_tim.o(.text)
    TIM_UpdateRequestConfig                  0x080030fd   Thumb Code    24  stm32f10x_tim.o(.text)
    TIM_SelectHallSensor                     0x08003115   Thumb Code    24  stm32f10x_tim.o(.text)
    TIM_SelectOnePulseMode                   0x0800312d   Thumb Code    18  stm32f10x_tim.o(.text)
    TIM_SelectOutputTrigger                  0x0800313f   Thumb Code    18  stm32f10x_tim.o(.text)
    TIM_SelectSlaveMode                      0x08003151   Thumb Code    18  stm32f10x_tim.o(.text)
    TIM_SelectMasterSlaveMode                0x08003163   Thumb Code    18  stm32f10x_tim.o(.text)
    TIM_SetCounter                           0x08003175   Thumb Code     4  stm32f10x_tim.o(.text)
    TIM_SetAutoreload                        0x08003179   Thumb Code     4  stm32f10x_tim.o(.text)
    TIM_SetCompare1                          0x0800317d   Thumb Code     4  stm32f10x_tim.o(.text)
    TIM_SetCompare2                          0x08003181   Thumb Code     4  stm32f10x_tim.o(.text)
    TIM_SetCompare3                          0x08003185   Thumb Code     4  stm32f10x_tim.o(.text)
    TIM_SetCompare4                          0x08003189   Thumb Code     6  stm32f10x_tim.o(.text)
    TIM_SetClockDivision                     0x0800318f   Thumb Code    18  stm32f10x_tim.o(.text)
    TIM_GetCapture1                          0x080031a1   Thumb Code     6  stm32f10x_tim.o(.text)
    TIM_GetCapture2                          0x080031a7   Thumb Code     6  stm32f10x_tim.o(.text)
    TIM_GetCapture3                          0x080031ad   Thumb Code     6  stm32f10x_tim.o(.text)
    TIM_GetCapture4                          0x080031b3   Thumb Code     8  stm32f10x_tim.o(.text)
    TIM_GetCounter                           0x080031bb   Thumb Code     6  stm32f10x_tim.o(.text)
    TIM_GetPrescaler                         0x080031c1   Thumb Code     6  stm32f10x_tim.o(.text)
    TIM_GetFlagStatus                        0x080031c7   Thumb Code    18  stm32f10x_tim.o(.text)
    TIM_ClearFlag                            0x080031d9   Thumb Code     6  stm32f10x_tim.o(.text)
    TIM_GetITStatus                          0x080031df   Thumb Code    34  stm32f10x_tim.o(.text)
    TIM_ClearITPendingBit                    0x08003201   Thumb Code     6  stm32f10x_tim.o(.text)
    SPI_I2S_DeInit                           0x08003209   Thumb Code    76  stm32f10x_spi.o(.text)
    SPI_Init                                 0x08003255   Thumb Code    60  stm32f10x_spi.o(.text)
    I2S_Init                                 0x08003291   Thumb Code   226  stm32f10x_spi.o(.text)
    SPI_StructInit                           0x08003373   Thumb Code    24  stm32f10x_spi.o(.text)
    I2S_StructInit                           0x0800338b   Thumb Code    20  stm32f10x_spi.o(.text)
    SPI_Cmd                                  0x0800339f   Thumb Code    24  stm32f10x_spi.o(.text)
    I2S_Cmd                                  0x080033b7   Thumb Code    24  stm32f10x_spi.o(.text)
    SPI_I2S_ITConfig                         0x080033cf   Thumb Code    32  stm32f10x_spi.o(.text)
    SPI_I2S_DMACmd                           0x080033ef   Thumb Code    18  stm32f10x_spi.o(.text)
    SPI_I2S_SendData                         0x08003401   Thumb Code     4  stm32f10x_spi.o(.text)
    SPI_I2S_ReceiveData                      0x08003405   Thumb Code     6  stm32f10x_spi.o(.text)
    SPI_NSSInternalSoftwareConfig            0x0800340b   Thumb Code    30  stm32f10x_spi.o(.text)
    SPI_SSOutputCmd                          0x08003429   Thumb Code    24  stm32f10x_spi.o(.text)
    SPI_DataSizeConfig                       0x08003441   Thumb Code    18  stm32f10x_spi.o(.text)
    SPI_TransmitCRC                          0x08003453   Thumb Code    10  stm32f10x_spi.o(.text)
    SPI_CalculateCRC                         0x0800345d   Thumb Code    24  stm32f10x_spi.o(.text)
    SPI_GetCRC                               0x08003475   Thumb Code    16  stm32f10x_spi.o(.text)
    SPI_GetCRCPolynomial                     0x08003485   Thumb Code     6  stm32f10x_spi.o(.text)
    SPI_BiDirectionalLineConfig              0x0800348b   Thumb Code    28  stm32f10x_spi.o(.text)
    SPI_I2S_GetFlagStatus                    0x080034a7   Thumb Code    18  stm32f10x_spi.o(.text)
    SPI_I2S_ClearFlag                        0x080034b9   Thumb Code     6  stm32f10x_spi.o(.text)
    SPI_I2S_GetITStatus                      0x080034bf   Thumb Code    52  stm32f10x_spi.o(.text)
    SPI_I2S_ClearITPendingBit                0x080034f3   Thumb Code    20  stm32f10x_spi.o(.text)
    IWDG_WriteAccessCmd                      0x08003515   Thumb Code     6  stm32f10x_iwdg.o(.text)
    IWDG_SetPrescaler                        0x0800351b   Thumb Code     6  stm32f10x_iwdg.o(.text)
    IWDG_SetReload                           0x08003521   Thumb Code     6  stm32f10x_iwdg.o(.text)
    IWDG_ReloadCounter                       0x08003527   Thumb Code    10  stm32f10x_iwdg.o(.text)
    IWDG_Enable                              0x08003531   Thumb Code    10  stm32f10x_iwdg.o(.text)
    IWDG_GetFlagStatus                       0x0800353b   Thumb Code    20  stm32f10x_iwdg.o(.text)
    timer_set                                0x08003555   Thumb Code    16  timer.o(.text)
    timer_reset                              0x08003565   Thumb Code    10  timer.o(.text)
    timer_restart                            0x0800356f   Thumb Code    12  timer.o(.text)
    timer_expired                            0x0800357b   Thumb Code    26  timer.o(.text)
    uip_setipid                              0x08003595   Thumb Code     6  uip.o(.text)
    uip_add32                                0x0800359b   Thumb Code   106  uip.o(.text)
    htons                                    0x0800364b   Thumb Code    12  uip.o(.text)
    uip_chksum                               0x08003657   Thumb Code    24  uip.o(.text)
    uip_ipchksum                             0x0800366f   Thumb Code    30  uip.o(.text)
    uip_tcpchksum                            0x080036d1   Thumb Code    10  uip.o(.text)
    uip_udpchksum                            0x080036db   Thumb Code    10  uip.o(.text)
    uip_init                                 0x080036e5   Thumb Code    92  uip.o(.text)
    uip_connect                              0x08003741   Thumb Code   254  uip.o(.text)
    uip_unlisten                             0x0800383f   Thumb Code    58  uip.o(.text)
    uip_listen                               0x08003879   Thumb Code    54  uip.o(.text)
    uip_process                              0x080038e9   Thumb Code  3974  uip.o(.text)
    uip_send                                 0x0800486f   Thumb Code    38  uip.o(.text)
    uip_arp_init                             0x080048b5   Thumb Code    46  uip_arp.o(.text)
    uip_arp_timer                            0x080048e3   Thumb Code    76  uip_arp.o(.text)
    uip_arp_arpin                            0x08004a3f   Thumb Code   216  uip_arp.o(.text)
    uip_arp_out                              0x08004b17   Thumb Code   366  uip_arp.o(.text)
    clock_time                               0x08004cc1   Thumb Code     6  clock-arch.o(.text)
    tapdev_init                              0x08004ccd   Thumb Code    46  tapdev.o(.text)
    tapdev_read                              0x08004cfb   Thumb Code    16  tapdev.o(.text)
    tapdev_send                              0x08004d0b   Thumb Code    14  tapdev.o(.text)
    tcp_demo_appcall                         0x08004d29   Thumb Code    58  tcp_demo.o(.text)
    uip_log                                  0x08004d63   Thumb Code    14  tcp_demo.o(.text)
    tcp_client_senddata                      0x08004d85   Thumb Code    34  tcp_client_demo.o(.text)
    tcp_client_acked                         0x08004da7   Thumb Code    24  tcp_client_demo.o(.text)
    tcp_client_connected                     0x08004dbf   Thumb Code    30  tcp_client_demo.o(.text)
    tcp_client_closed                        0x08004ddd   Thumb Code    22  tcp_client_demo.o(.text)
    tcp_client_timedout                      0x08004df3   Thumb Code    24  tcp_client_demo.o(.text)
    tcp_client_aborted                       0x08004e0b   Thumb Code    22  tcp_client_demo.o(.text)
    tcp_client_demo_appcall                  0x08004e21   Thumb Code   212  tcp_client_demo.o(.text)
    tcp_client_reconnect                     0x08004ef5   Thumb Code   158  tcp_client_demo.o(.text)
    __use_no_semihosting                     0x08005029   Thumb Code     2  use_no_semi_2.o(.text)
    __2printf                                0x0800502d   Thumb Code    20  noretval__2printf.o(.text)
    __printf                                 0x08005045   Thumb Code   104  __printf.o(.text)
    _printf_str                              0x080050ad   Thumb Code    82  _printf_str.o(.text)
    _printf_int_dec                          0x08005101   Thumb Code   104  _printf_dec.o(.text)
    __aeabi_memcpy                           0x08005179   Thumb Code     0  rt_memcpy_v6.o(.text)
    __rt_memcpy                              0x08005179   Thumb Code   138  rt_memcpy_v6.o(.text)
    _memcpy_lastbytes                        0x080051df   Thumb Code     0  rt_memcpy_v6.o(.text)
    __aeabi_memset                           0x08005203   Thumb Code    16  aeabi_memset.o(.text)
    __use_two_region_memory                  0x08005213   Thumb Code     2  heapauxi.o(.text)
    __rt_heap_escrow$2region                 0x08005215   Thumb Code     2  heapauxi.o(.text)
    __rt_heap_expand$2region                 0x08005217   Thumb Code     2  heapauxi.o(.text)
    __I$use$semihosting                      0x08005219   Thumb Code     0  use_no_semi.o(.text)
    __use_no_semihosting_swi                 0x08005219   Thumb Code     2  use_no_semi.o(.text)
    _printf_int_common                       0x0800521b   Thumb Code   178  _printf_intcommon.o(.text)
    _printf_cs_common                        0x080052cd   Thumb Code    20  _printf_char.o(.text)
    _printf_char                             0x080052e1   Thumb Code    16  _printf_char.o(.text)
    _printf_string                           0x080052f1   Thumb Code     8  _printf_char.o(.text)
    _printf_char_file                        0x080052f9   Thumb Code    32  _printf_char_file.o(.text)
    __aeabi_memcpy4                          0x0800531d   Thumb Code     0  rt_memcpy_w.o(.text)
    __aeabi_memcpy8                          0x0800531d   Thumb Code     0  rt_memcpy_w.o(.text)
    __rt_memcpy_w                            0x0800531d   Thumb Code   100  rt_memcpy_w.o(.text)
    _memcpy_lastbytes_aligned                0x08005365   Thumb Code     0  rt_memcpy_w.o(.text)
    __aeabi_memclr                           0x08005381   Thumb Code     0  rt_memclr.o(.text)
    __rt_memclr                              0x08005381   Thumb Code    68  rt_memclr.o(.text)
    _memset                                  0x08005385   Thumb Code     0  rt_memclr.o(.text)
    _printf_char_common                      0x080053cf   Thumb Code    32  _printf_char_common.o(.text)
    ferror                                   0x080053f5   Thumb Code     8  ferror.o(.text)
    __aeabi_memclr4                          0x080053fd   Thumb Code     0  rt_memclr_w.o(.text)
    __aeabi_memclr8                          0x080053fd   Thumb Code     0  rt_memclr_w.o(.text)
    __rt_memclr_w                            0x080053fd   Thumb Code    78  rt_memclr_w.o(.text)
    _memset_w                                0x08005401   Thumb Code     0  rt_memclr_w.o(.text)
    __user_setup_stackheap                   0x0800544b   Thumb Code    74  sys_stackheap_outer.o(.text)
    exit                                     0x08005495   Thumb Code    12  exit.o(.text)
    __user_libspace                          0x080054a1   Thumb Code     8  libspace.o(.text)
    __user_perproc_libspace                  0x080054a1   Thumb Code     0  libspace.o(.text)
    __user_perthread_libspace                0x080054a1   Thumb Code     0  libspace.o(.text)
    auchCRCHi                                0x080054a8   Data         256  master.o(.constdata)
    auchCRCLo                                0x080055a8   Data         256  master.o(.constdata)
    mymac                                    0x080056b6   Data           6  tapdev.o(.constdata)
    Region$$Table$$Base                      0x080056bc   Number         0  anon$$obj.o(Region$$Table)
    Region$$Table$$Limit                     0x080056dc   Number         0  anon$$obj.o(Region$$Table)
    yewei_flag                               0x20000000   Data           1  main.o(.data)
    Tn                                       0x20000001   Data           1  main.o(.data)
    modbus_com2_over                         0x20000002   Data           1  main.o(.data)
    slaveraddr                               0x20000003   Data           1  main.o(.data)
    j                                        0x20000004   Data           4  main.o(.data)
    j1                                       0x20000008   Data           4  main.o(.data)
    z                                        0x2000000c   Data           4  main.o(.data)
    z1                                       0x20000010   Data           4  main.o(.data)
    flag1                                    0x20000014   Data           1  main.o(.data)
    timer4_out                               0x20000015   Data           1  main.o(.data)
    flag_1                                   0x20000018   Data           4  main.o(.data)
    recend_flag                              0x2000001c   Data           4  main.o(.data)
    tcp_client_tsta                          0x20000020   Data           1  main.o(.data)
    receivebuf                               0x20000022   Data           2  main.o(.data)
    channel                                  0x20000024   Data           1  main.o(.data)
    vl                                       0x20000026   Data           2  main.o(.data)
    SystemCoreClock                          0x2000003c   Data           4  system_stm32f10x.o(.data)
    AHBPrescTable                            0x20000040   Data          16  system_stm32f10x.o(.data)
    uip_timer                                0x20000050   Data           4  timerx.o(.data)
    i                                        0x20000054   Data           1  timerx.o(.data)
    t                                        0x20000055   Data           1  timerx.o(.data)
    __stdout                                 0x20000064   Data           4  usart.o(.data)
    receCount                                0x20000068   Data           1  usart.o(.data)
    sendCount                                0x20000069   Data           1  usart.o(.data)
    sendPosi                                 0x2000006a   Data           1  usart.o(.data)
    USART_RX_STA                             0x2000006c   Data           2  usart.o(.data)
    uip_hostaddr                             0x20000084   Data           4  uip.o(.data)
    uip_draddr                               0x20000088   Data           4  uip.o(.data)
    uip_netmask                              0x2000008c   Data           4  uip.o(.data)
    uip_ethaddr                              0x20000090   Data           6  uip.o(.data)
    uip_appdata                              0x20000098   Data           4  uip.o(.data)
    uip_sappdata                             0x2000009c   Data           4  uip.o(.data)
    uip_len                                  0x200000a0   Data           2  uip.o(.data)
    uip_slen                                 0x200000a2   Data           2  uip.o(.data)
    uip_flags                                0x200000a4   Data           1  uip.o(.data)
    uip_conn                                 0x200000a8   Data           4  uip.o(.data)
    uip_acc32                                0x200000b4   Data           4  uip.o(.data)
    tcp_client_sta                           0x200000c4   Data           1  tcp_client_demo.o(.data)
    ready                                    0x200000c5   Data           1  tcp_client_demo.o(.data)
    connected                                0x200000c6   Data           1  tcp_client_demo.o(.data)
    value                                    0x200000c8   Data          38  main.o(.bss)
    debug_buf                                0x200000ee   Data         100  main.o(.bss)
    receBuf                                  0x20000152   Data         100  usart.o(.bss)
    sendBuf                                  0x200001b6   Data          10  usart.o(.bss)
    USART_RX_BUF                             0x200001c0   Data         200  usart.o(.bss)
    uip_buf                                  0x20000288   Data        4098  uip.o(.bss)
    uip_conns                                0x2000128c   Data        1600  uip.o(.bss)
    uip_listenports                          0x200018cc   Data          80  uip.o(.bss)
    uip_stat                                 0x2000191c   Data          44  uip.o(.bss)
    tcp_client_databuf                       0x200019a8   Data         100  tcp_client_demo.o(.bss)
    tcp_client_receivebuf                    0x20001a0c   Data          22  tcp_client_demo.o(.bss)
    __libspace_start                         0x20001a24   Data          96  libspace.o(.bss)
    __temporary_stack_top$libspace           0x20001a84   Data           0  libspace.o(.bss)



==============================================================================

Memory Map of the image

  Image Entry point : 0x08000131

  Load Region LR_IROM1 (Base: 0x08000000, Size: 0x000057a4, Max: 0x00020000, ABSOLUTE)

    Execution Region ER_IROM1 (Base: 0x08000000, Size: 0x000056dc, Max: 0x00020000, ABSOLUTE)

    Base Addr    Size         Type   Attr      Idx    E Section Name        Object

    0x08000000   0x00000130   Data   RO          423    RESET               startup_stm32f10x_hd.o
    0x08000130   0x00000008   Code   RO          829  * !!!main             c_w.l(__main.o)
    0x08000138   0x00000034   Code   RO         1004    !!!scatter          c_w.l(__scatter.o)
    0x0800016c   0x0000001a   Code   RO         1006    !!handler_copy      c_w.l(__scatter_copy.o)
    0x08000186   0x00000002   PAD
    0x08000188   0x0000001c   Code   RO         1008    !!handler_zi        c_w.l(__scatter_zi.o)
    0x080001a4   0x00000000   Code   RO          822    .ARM.Collect$$_printf_percent$$00000000  c_w.l(_printf_percent.o)
    0x080001a4   0x00000006   Code   RO          821    .ARM.Collect$$_printf_percent$$00000009  c_w.l(_printf_d.o)
    0x080001aa   0x00000006   Code   RO          820    .ARM.Collect$$_printf_percent$$00000014  c_w.l(_printf_s.o)
    0x080001b0   0x00000004   Code   RO          840    .ARM.Collect$$_printf_percent$$00000017  c_w.l(_printf_percent_end.o)
    0x080001b4   0x00000002   Code   RO          879    .ARM.Collect$$libinit$$00000000  c_w.l(libinit.o)
    0x080001b6   0x00000000   Code   RO          886    .ARM.Collect$$libinit$$00000002  c_w.l(libinit2.o)
    0x080001b6   0x00000000   Code   RO          888    .ARM.Collect$$libinit$$00000004  c_w.l(libinit2.o)
    0x080001b6   0x00000000   Code   RO          891    .ARM.Collect$$libinit$$0000000A  c_w.l(libinit2.o)
    0x080001b6   0x00000000   Code   RO          893    .ARM.Collect$$libinit$$0000000C  c_w.l(libinit2.o)
    0x080001b6   0x00000000   Code   RO          895    .ARM.Collect$$libinit$$0000000E  c_w.l(libinit2.o)
    0x080001b6   0x00000000   Code   RO          898    .ARM.Collect$$libinit$$00000011  c_w.l(libinit2.o)
    0x080001b6   0x00000000   Code   RO          900    .ARM.Collect$$libinit$$00000013  c_w.l(libinit2.o)
    0x080001b6   0x00000000   Code   RO          902    .ARM.Collect$$libinit$$00000015  c_w.l(libinit2.o)
    0x080001b6   0x00000000   Code   RO          904    .ARM.Collect$$libinit$$00000017  c_w.l(libinit2.o)
    0x080001b6   0x00000000   Code   RO          906    .ARM.Collect$$libinit$$00000019  c_w.l(libinit2.o)
    0x080001b6   0x00000000   Code   RO          908    .ARM.Collect$$libinit$$0000001B  c_w.l(libinit2.o)
    0x080001b6   0x00000000   Code   RO          910    .ARM.Collect$$libinit$$0000001D  c_w.l(libinit2.o)
    0x080001b6   0x00000000   Code   RO          912    .ARM.Collect$$libinit$$0000001F  c_w.l(libinit2.o)
    0x080001b6   0x00000000   Code   RO          914    .ARM.Collect$$libinit$$00000021  c_w.l(libinit2.o)
    0x080001b6   0x00000000   Code   RO          916    .ARM.Collect$$libinit$$00000023  c_w.l(libinit2.o)
    0x080001b6   0x00000000   Code   RO          918    .ARM.Collect$$libinit$$00000025  c_w.l(libinit2.o)
    0x080001b6   0x00000000   Code   RO          922    .ARM.Collect$$libinit$$0000002C  c_w.l(libinit2.o)
    0x080001b6   0x00000000   Code   RO          924    .ARM.Collect$$libinit$$0000002E  c_w.l(libinit2.o)
    0x080001b6   0x00000000   Code   RO          926    .ARM.Collect$$libinit$$00000030  c_w.l(libinit2.o)
    0x080001b6   0x00000000   Code   RO          928    .ARM.Collect$$libinit$$00000032  c_w.l(libinit2.o)
    0x080001b6   0x00000002   Code   RO          929    .ARM.Collect$$libinit$$00000033  c_w.l(libinit2.o)
    0x080001b8   0x00000002   Code   RO          947    .ARM.Collect$$libshutdown$$00000000  c_w.l(libshutdown.o)
    0x080001ba   0x00000000   Code   RO          958    .ARM.Collect$$libshutdown$$00000003  c_w.l(libshutdown2.o)
    0x080001ba   0x00000000   Code   RO          961    .ARM.Collect$$libshutdown$$00000006  c_w.l(libshutdown2.o)
    0x080001ba   0x00000000   Code   RO          964    .ARM.Collect$$libshutdown$$00000009  c_w.l(libshutdown2.o)
    0x080001ba   0x00000000   Code   RO          966    .ARM.Collect$$libshutdown$$0000000B  c_w.l(libshutdown2.o)
    0x080001ba   0x00000000   Code   RO          969    .ARM.Collect$$libshutdown$$0000000E  c_w.l(libshutdown2.o)
    0x080001ba   0x00000002   Code   RO          970    .ARM.Collect$$libshutdown$$0000000F  c_w.l(libshutdown2.o)
    0x080001bc   0x00000000   Code   RO          833    .ARM.Collect$$rtentry$$00000000  c_w.l(__rtentry.o)
    0x080001bc   0x00000000   Code   RO          846    .ARM.Collect$$rtentry$$00000002  c_w.l(__rtentry2.o)
    0x080001bc   0x00000006   Code   RO          858    .ARM.Collect$$rtentry$$00000004  c_w.l(__rtentry4.o)
    0x080001c2   0x00000000   Code   RO          848    .ARM.Collect$$rtentry$$00000009  c_w.l(__rtentry2.o)
    0x080001c2   0x00000004   Code   RO          849    .ARM.Collect$$rtentry$$0000000A  c_w.l(__rtentry2.o)
    0x080001c6   0x00000000   Code   RO          851    .ARM.Collect$$rtentry$$0000000C  c_w.l(__rtentry2.o)
    0x080001c6   0x00000008   Code   RO          852    .ARM.Collect$$rtentry$$0000000D  c_w.l(__rtentry2.o)
    0x080001ce   0x00000002   Code   RO          883    .ARM.Collect$$rtexit$$00000000  c_w.l(rtexit.o)
    0x080001d0   0x00000000   Code   RO          931    .ARM.Collect$$rtexit$$00000002  c_w.l(rtexit2.o)
    0x080001d0   0x00000004   Code   RO          932    .ARM.Collect$$rtexit$$00000003  c_w.l(rtexit2.o)
    0x080001d4   0x00000006   Code   RO          933    .ARM.Collect$$rtexit$$00000004  c_w.l(rtexit2.o)
    0x080001da   0x00000002   PAD
    0x080001dc   0x00000494   Code   RO            1    .text               main.o
    0x08000670   0x0000001a   Code   RO          203    .text               stm32f10x_it.o
    0x0800068a   0x00000002   PAD
    0x0800068c   0x000001e0   Code   RO          244    .text               system_stm32f10x.o
    0x0800086c   0x000000a8   Code   RO          262    .text               led.o
    0x08000914   0x00000238   Code   RO          286    .text               timerx.o
    0x08000b4c   0x00000104   Code   RO          306    .text               spi.o
    0x08000c50   0x0000051c   Code   RO          318    .text               enc28j60.o
    0x0800116c   0x0000002c   Code   RO          332    .text               wdg.o
    0x08001198   0x00000278   Code   RO          344    .text               master.o
    0x08001410   0x000000d4   Code   RO          361    .text               delay.o
    0x080014e4   0x0000000c   Code   RO          375    .text               sys.o
    0x080014f0   0x000002d8   Code   RO          387    .text               usart.o
    0x080017c8   0x00000040   Code   RO          424    .text               startup_stm32f10x_hd.o
    0x08001808   0x000000dc   Code   RO          428    .text               misc.o
    0x080018e4   0x0000035c   Code   RO          476    .text               stm32f10x_gpio.o
    0x08001c40   0x000003a4   Code   RO          500    .text               stm32f10x_rcc.o
    0x08001fe4   0x00000408   Code   RO          514    .text               stm32f10x_usart.o
    0x080023ec   0x00000e1a   Code   RO          538    .text               stm32f10x_tim.o
    0x08003206   0x00000002   PAD
    0x08003208   0x0000030c   Code   RO          550    .text               stm32f10x_spi.o
    0x08003514   0x00000040   Code   RO          574    .text               stm32f10x_iwdg.o
    0x08003554   0x00000040   Code   RO          598    .text               timer.o
    0x08003594   0x00001320   Code   RO          610    .text               uip.o
    0x080048b4   0x0000040c   Code   RO          640    .text               uip_arp.o
    0x08004cc0   0x0000000c   Code   RO          721    .text               clock-arch.o
    0x08004ccc   0x0000005c   Code   RO          734    .text               tapdev.o
    0x08004d28   0x0000005c   Code   RO          749    .text               tcp_demo.o
    0x08004d84   0x000002a4   Code   RO          761    .text               tcp_client_demo.o
    0x08005028   0x00000002   Code   RO          788    .text               c_w.l(use_no_semi_2.o)
    0x0800502a   0x00000002   PAD
    0x0800502c   0x00000018   Code   RO          792    .text               c_w.l(noretval__2printf.o)
    0x08005044   0x00000068   Code   RO          794    .text               c_w.l(__printf.o)
    0x080050ac   0x00000052   Code   RO          796    .text               c_w.l(_printf_str.o)
    0x080050fe   0x00000002   PAD
    0x08005100   0x00000078   Code   RO          798    .text               c_w.l(_printf_dec.o)
    0x08005178   0x0000008a   Code   RO          823    .text               c_w.l(rt_memcpy_v6.o)
    0x08005202   0x00000010   Code   RO          825    .text               c_w.l(aeabi_memset.o)
    0x08005212   0x00000006   Code   RO          827    .text               c_w.l(heapauxi.o)
    0x08005218   0x00000002   Code   RO          831    .text               c_w.l(use_no_semi.o)
    0x0800521a   0x000000b2   Code   RO          834    .text               c_w.l(_printf_intcommon.o)
    0x080052cc   0x0000002c   Code   RO          836    .text               c_w.l(_printf_char.o)
    0x080052f8   0x00000024   Code   RO          838    .text               c_w.l(_printf_char_file.o)
    0x0800531c   0x00000064   Code   RO          841    .text               c_w.l(rt_memcpy_w.o)
    0x08005380   0x00000044   Code   RO          843    .text               c_w.l(rt_memclr.o)
    0x080053c4   0x00000030   Code   RO          860    .text               c_w.l(_printf_char_common.o)
    0x080053f4   0x00000008   Code   RO          862    .text               c_w.l(ferror.o)
    0x080053fc   0x0000004e   Code   RO          866    .text               c_w.l(rt_memclr_w.o)
    0x0800544a   0x0000004a   Code   RO          868    .text               c_w.l(sys_stackheap_outer.o)
    0x08005494   0x0000000c   Code   RO          872    .text               c_w.l(exit.o)
    0x080054a0   0x00000008   Code   RO          880    .text               c_w.l(libspace.o)
    0x080054a8   0x00000200   Data   RO          345    .constdata          master.o
    0x080056a8   0x00000004   Data   RO          612    .constdata          uip.o
    0x080056ac   0x0000000a   Data   RO          642    .constdata          uip_arp.o
    0x080056b6   0x00000006   Data   RO          735    .constdata          tapdev.o
    0x080056bc   0x00000020   Data   RO         1002    Region$$Table       anon$$obj.o


    Execution Region RW_IRAM1 (Base: 0x20000000, Size: 0x00002088, Max: 0x00005000, ABSOLUTE)

    Base Addr    Size         Type   Attr      Idx    E Section Name        Object

    0x20000000   0x00000039   Data   RW            3    .data               main.o
    0x20000039   0x00000003   PAD
    0x2000003c   0x00000014   Data   RW          245    .data               system_stm32f10x.o
    0x20000050   0x00000006   Data   RW          287    .data               timerx.o
    0x20000056   0x00000002   PAD
    0x20000058   0x00000008   Data   RW          319    .data               enc28j60.o
    0x20000060   0x00000004   Data   RW          362    .data               delay.o
    0x20000064   0x0000000a   Data   RW          389    .data               usart.o
    0x2000006e   0x00000014   Data   RW          501    .data               stm32f10x_rcc.o
    0x20000082   0x00000002   PAD
    0x20000084   0x00000038   Data   RW          613    .data               uip.o
    0x200000bc   0x00000008   Data   RW          643    .data               uip_arp.o
    0x200000c4   0x00000003   Data   RW          763    .data               tcp_client_demo.o
    0x200000c7   0x00000001   PAD
    0x200000c8   0x0000008a   Zero   RW            2    .bss                main.o
    0x20000152   0x00000136   Zero   RW          388    .bss                usart.o
    0x20000288   0x000016c0   Zero   RW          611    .bss                uip.o
    0x20001948   0x00000060   Zero   RW          641    .bss                uip_arp.o
    0x200019a8   0x0000007a   Zero   RW          762    .bss                tcp_client_demo.o
    0x20001a22   0x00000002   PAD
    0x20001a24   0x00000060   Zero   RW          881    .bss                c_w.l(libspace.o)
    0x20001a84   0x00000004   PAD
    0x20001a88   0x00000200   Zero   RW          422    HEAP                startup_stm32f10x_hd.o
    0x20001c88   0x00000400   Zero   RW          421    STACK               startup_stm32f10x_hd.o


==============================================================================

Image component sizes


      Code (inc. data)   RO Data    RW Data    ZI Data      Debug   Object Name

        12          6          0          0          0        465   clock-arch.o
         0          0          0          0          0         32   core_cm3.o
       212         18          0          4          0       1047   delay.o
      1308         44          0          8          0       4742   enc28j60.o
       168          8          0          0          0        802   led.o
      1172        202          0         57        138     271516   main.o
       632         48        512          0          0       3771   master.o
       220         22          0          0          0       1833   misc.o
       260         10          0          0          0       1113   spi.o
        64         26        304          0       1536        800   startup_stm32f10x_hd.o
       860         38          0          0          0       5677   stm32f10x_gpio.o
        26          0          0          0          0       1198   stm32f10x_it.o
        64          6          0          0          0       1281   stm32f10x_iwdg.o
       932         36          0         20          0       8864   stm32f10x_rcc.o
       780         14          0          0          0       6558   stm32f10x_spi.o
      3610         88          0          0          0      22160   stm32f10x_tim.o
      1032         22          0          0          0       8404   stm32f10x_usart.o
        12          0          0          0          0        469   sys.o
       480         38          0         20          0       1791   system_stm32f10x.o
        92         16          6          0          0       1478   tapdev.o
       676        150          0          3        122      10168   tcp_client_demo.o
        92         20          0          0          0        651   tcp_demo.o
        64          0          0          0          0       1404   timer.o
       568         64          0          6          0       2414   timerx.o
      4896        522          4         56       5824      14460   uip.o
      1036         60         10          8         96       3115   uip_arp.o
       728         46          0         10        310       4319   usart.o
        44          0          0          0          0        662   wdg.o

    ----------------------------------------------------------------------
     20044       1504        868        200       8028     381194   Object Totals
         0          0         32          0          0          0   (incl. Generated)
         4          0          0          8          2          0   (incl. Padding)

    ----------------------------------------------------------------------

      Code (inc. data)   RO Data    RW Data    ZI Data      Debug   Library Member Name

         8          0          0          0          0         68   __main.o
       104          0          0          0          0         84   __printf.o
         0          0          0          0          0          0   __rtentry.o
        12          0          0          0          0          0   __rtentry2.o
         6          0          0          0          0          0   __rtentry4.o
        52          8          0          0          0          0   __scatter.o
        26          0          0          0          0          0   __scatter_copy.o
        28          0          0          0          0          0   __scatter_zi.o
        44          0          0          0          0        108   _printf_char.o
        48          6          0          0          0         96   _printf_char_common.o
        36          4          0          0          0         80   _printf_char_file.o
         6          0          0          0          0          0   _printf_d.o
       120         16          0          0          0         92   _printf_dec.o
       178          0          0          0          0         88   _printf_intcommon.o
         0          0          0          0          0          0   _printf_percent.o
         4          0          0          0          0          0   _printf_percent_end.o
         6          0          0          0          0          0   _printf_s.o
        82          0          0          0          0         80   _printf_str.o
        16          0          0          0          0         68   aeabi_memset.o
        12          0          0          0          0         72   exit.o
         8          0          0          0          0         68   ferror.o
         6          0          0          0          0        152   heapauxi.o
         2          0          0          0          0          0   libinit.o
         2          0          0          0          0          0   libinit2.o
         2          0          0          0          0          0   libshutdown.o
         2          0          0          0          0          0   libshutdown2.o
         8          4          0          0         96         68   libspace.o
        24          4          0          0          0         84   noretval__2printf.o
        68          0          0          0          0         68   rt_memclr.o
        78          0          0          0          0         80   rt_memclr_w.o
       138          0          0          0          0         68   rt_memcpy_v6.o
       100          0          0          0          0         80   rt_memcpy_w.o
         2          0          0          0          0          0   rtexit.o
        10          0          0          0          0          0   rtexit2.o
        74          0          0          0          0         80   sys_stackheap_outer.o
         2          0          0          0          0         68   use_no_semi.o
         2          0          0          0          0         68   use_no_semi_2.o

    ----------------------------------------------------------------------
      1324         42          0          0        100       1720   Library Totals
         8          0          0          0          4          0   (incl. Padding)

    ----------------------------------------------------------------------

      Code (inc. data)   RO Data    RW Data    ZI Data      Debug   Library Name

      1316         42          0          0         96       1720   c_w.l

    ----------------------------------------------------------------------
      1324         42          0          0        100       1720   Library Totals

    ----------------------------------------------------------------------

==============================================================================


      Code (inc. data)   RO Data    RW Data    ZI Data      Debug   

     21368       1546        868        200       8128     379946   Grand Totals
     21368       1546        868        200       8128     379946   ELF Image Totals
     21368       1546        868        200          0          0   ROM Totals

==============================================================================

    Total RO  Size (Code + RO Data)                22236 (  21.71kB)
    Total RW  Size (RW Data + ZI Data)              8328 (   8.13kB)
    Total ROM Size (Code + RO Data + RW Data)      22436 (  21.91kB)

==============================================================================

